Archive member included to satisfy reference by file (symbol)

C:/Program Files (x86)/Arm GNU Toolchain arm-none-eabi/13.2 Rel1/bin/../lib/gcc/arm-none-eabi/13.2.1/thumb/v8-m.main+dp/hard\libg_nano.a(libc_a-exit.o)
                              C:/Program Files (x86)/Arm GNU Toolchain arm-none-eabi/13.2 Rel1/bin/../lib/gcc/arm-none-eabi/13.2.1/thumb/v8-m.main+dp/hard/crt0.o (exit)
C:/Program Files (x86)/Arm GNU Toolchain arm-none-eabi/13.2 Rel1/bin/../lib/gcc/arm-none-eabi/13.2.1/thumb/v8-m.main+dp/hard\libg_nano.a(libc_a-findfp.o)
                              C:/Program Files (x86)/Arm GNU Toolchain arm-none-eabi/13.2 Rel1/bin/../lib/gcc/arm-none-eabi/13.2.1/thumb/v8-m.main+dp/hard\libg_nano.a(libc_a-exit.o) (__stdio_exit_handler)
C:/Program Files (x86)/Arm GNU Toolchain arm-none-eabi/13.2 Rel1/bin/../lib/gcc/arm-none-eabi/13.2.1/thumb/v8-m.main+dp/hard\libg_nano.a(libc_a-fwalk.o)
                              C:/Program Files (x86)/Arm GNU Toolchain arm-none-eabi/13.2 Rel1/bin/../lib/gcc/arm-none-eabi/13.2.1/thumb/v8-m.main+dp/hard\libg_nano.a(libc_a-findfp.o) (_fwalk_sglue)
C:/Program Files (x86)/Arm GNU Toolchain arm-none-eabi/13.2 Rel1/bin/../lib/gcc/arm-none-eabi/13.2.1/thumb/v8-m.main+dp/hard\libg_nano.a(libc_a-stdio.o)
                              C:/Program Files (x86)/Arm GNU Toolchain arm-none-eabi/13.2 Rel1/bin/../lib/gcc/arm-none-eabi/13.2.1/thumb/v8-m.main+dp/hard\libg_nano.a(libc_a-findfp.o) (__sread)
C:/Program Files (x86)/Arm GNU Toolchain arm-none-eabi/13.2 Rel1/bin/../lib/gcc/arm-none-eabi/13.2.1/thumb/v8-m.main+dp/hard\libg_nano.a(libc_a-memset.o)
                              C:/Program Files (x86)/Arm GNU Toolchain arm-none-eabi/13.2 Rel1/bin/../lib/gcc/arm-none-eabi/13.2.1/thumb/v8-m.main+dp/hard/crt0.o (memset)
C:/Program Files (x86)/Arm GNU Toolchain arm-none-eabi/13.2 Rel1/bin/../lib/gcc/arm-none-eabi/13.2.1/thumb/v8-m.main+dp/hard\libg_nano.a(libc_a-closer.o)
                              C:/Program Files (x86)/Arm GNU Toolchain arm-none-eabi/13.2 Rel1/bin/../lib/gcc/arm-none-eabi/13.2.1/thumb/v8-m.main+dp/hard\libg_nano.a(libc_a-stdio.o) (_close_r)
C:/Program Files (x86)/Arm GNU Toolchain arm-none-eabi/13.2 Rel1/bin/../lib/gcc/arm-none-eabi/13.2.1/thumb/v8-m.main+dp/hard\libg_nano.a(libc_a-reent.o)
                              C:/Program Files (x86)/Arm GNU Toolchain arm-none-eabi/13.2 Rel1/bin/../lib/gcc/arm-none-eabi/13.2.1/thumb/v8-m.main+dp/hard\libg_nano.a(libc_a-closer.o) (errno)
C:/Program Files (x86)/Arm GNU Toolchain arm-none-eabi/13.2 Rel1/bin/../lib/gcc/arm-none-eabi/13.2.1/thumb/v8-m.main+dp/hard\libg_nano.a(libc_a-impure.o)
                              C:/Program Files (x86)/Arm GNU Toolchain arm-none-eabi/13.2 Rel1/bin/../lib/gcc/arm-none-eabi/13.2.1/thumb/v8-m.main+dp/hard\libg_nano.a(libc_a-reent.o) (_impure_ptr)
C:/Program Files (x86)/Arm GNU Toolchain arm-none-eabi/13.2 Rel1/bin/../lib/gcc/arm-none-eabi/13.2.1/thumb/v8-m.main+dp/hard\libg_nano.a(libc_a-lseekr.o)
                              C:/Program Files (x86)/Arm GNU Toolchain arm-none-eabi/13.2 Rel1/bin/../lib/gcc/arm-none-eabi/13.2.1/thumb/v8-m.main+dp/hard\libg_nano.a(libc_a-stdio.o) (_lseek_r)
C:/Program Files (x86)/Arm GNU Toolchain arm-none-eabi/13.2 Rel1/bin/../lib/gcc/arm-none-eabi/13.2.1/thumb/v8-m.main+dp/hard\libg_nano.a(libc_a-readr.o)
                              C:/Program Files (x86)/Arm GNU Toolchain arm-none-eabi/13.2 Rel1/bin/../lib/gcc/arm-none-eabi/13.2.1/thumb/v8-m.main+dp/hard\libg_nano.a(libc_a-stdio.o) (_read_r)
C:/Program Files (x86)/Arm GNU Toolchain arm-none-eabi/13.2 Rel1/bin/../lib/gcc/arm-none-eabi/13.2.1/thumb/v8-m.main+dp/hard\libg_nano.a(libc_a-writer.o)
                              C:/Program Files (x86)/Arm GNU Toolchain arm-none-eabi/13.2 Rel1/bin/../lib/gcc/arm-none-eabi/13.2.1/thumb/v8-m.main+dp/hard\libg_nano.a(libc_a-stdio.o) (_write_r)
C:/Program Files (x86)/Arm GNU Toolchain arm-none-eabi/13.2 Rel1/bin/../lib/gcc/arm-none-eabi/13.2.1/thumb/v8-m.main+dp/hard\libg_nano.a(libc_a-errno.o)
                              ./ra/fsp/src/bsp/mcu/all/bsp_sbrk.o (__errno)
C:/Program Files (x86)/Arm GNU Toolchain arm-none-eabi/13.2 Rel1/bin/../lib/gcc/arm-none-eabi/13.2.1/thumb/v8-m.main+dp/hard\libg_nano.a(libc_a-init.o)
                              C:/Program Files (x86)/Arm GNU Toolchain arm-none-eabi/13.2 Rel1/bin/../lib/gcc/arm-none-eabi/13.2.1/thumb/v8-m.main+dp/hard/crt0.o (__libc_init_array)
C:/Program Files (x86)/Arm GNU Toolchain arm-none-eabi/13.2 Rel1/bin/../lib/gcc/arm-none-eabi/13.2.1/thumb/v8-m.main+dp/hard\libg_nano.a(libc_a-lock.o)
                              C:/Program Files (x86)/Arm GNU Toolchain arm-none-eabi/13.2 Rel1/bin/../lib/gcc/arm-none-eabi/13.2.1/thumb/v8-m.main+dp/hard\libg_nano.a(libc_a-findfp.o) (__retarget_lock_init_recursive)
C:/Program Files (x86)/Arm GNU Toolchain arm-none-eabi/13.2 Rel1/bin/../lib/gcc/arm-none-eabi/13.2.1/thumb/v8-m.main+dp/hard\libg_nano.a(libc_a-memcpy-stub.o)
[...]
Memory Configuration

Name             Origin             Length             Attributes
ITCM             0x00000000         0x00010000         xr
DTCM             0x20000000         0x00010000         xrw
FLASH            0x02000000         0x001f8000         xr
RAM              0x22000000         0x000e0000         xrw
DATA_FLASH       0x27000000         0x00003000         xr
QSPI_FLASH       0x60000000         0x00000000         xr
OSPI_DEVICE_0    0x80000000         0x10000000         xr
OSPI_DEVICE_1    0x90000000         0x10000000         xr
OSPI_DEVICE_0_RAM 0x80000000         0x10000000         xrw
OSPI_DEVICE_1_RAM 0x90000000         0x10000000         xrw
SDRAM            0x68000000         0x08000000         xrw
OPTION_SETTING   0x0300a100         0x00000100         r
OPTION_SETTING_OFS 0x0300a100         0x00000018         r
OPTION_SETTING_SAS 0x0300a134         0x000000cc         r
OPTION_SETTING_S 0x0300a200         0x00000100         r
OPTION_SETTING_DATA_FLASH_S 0x27030080         0x00000800         r
ID_CODE          0x00000000         0x00000000         xr
*default*        0x00000000         0xffffffff

Linker script and memory map

LOAD C:/Program Files (x86)/Arm GNU Toolchain arm-none-eabi/13.2 Rel1/bin/../lib/gcc/arm-none-eabi/13.2.1/thumb/v8-m.main+dp/hard/crti.o
LOAD C:/Program Files (x86)/Arm GNU Toolchain arm-none-eabi/13.2 Rel1/bin/../lib/gcc/arm-none-eabi/13.2.1/thumb/v8-m.main+dp/hard/crtbegin.o
LOAD C:/Program Files (x86)/Arm GNU Toolchain arm-none-eabi/13.2 Rel1/bin/../lib/gcc/arm-none-eabi/13.2.1/thumb/v8-m.main+dp/hard/crt0.o
START GROUP
LOAD ./src/hal_entry.o
LOAD ./ra_gen/common_data.o
LOAD ./ra_gen/hal_data.o
LOAD ./ra_gen/main.o
LOAD ./ra_gen/pin_data.o
LOAD ./ra_gen/vector_data.o
LOAD ./ra/fsp/src/r_ioport/r_ioport.o
LOAD ./ra/fsp/src/bsp/mcu/all/bsp_clocks.o
LOAD ./ra/fsp/src/bsp/mcu/all/bsp_common.o
LOAD ./ra/fsp/src/bsp/mcu/all/bsp_delay.o
LOAD ./ra/fsp/src/bsp/mcu/all/bsp_group_irq.o
LOAD ./ra/fsp/src/bsp/mcu/all/bsp_guard.o
LOAD ./ra/fsp/src/bsp/mcu/all/bsp_io.o
LOAD ./ra/fsp/src/bsp/mcu/all/bsp_irq.o
LOAD ./ra/fsp/src/bsp/mcu/all/bsp_macl.o
LOAD ./ra/fsp/src/bsp/mcu/all/bsp_register_protection.o
LOAD ./ra/fsp/src/bsp/mcu/all/bsp_rom_registers.o
LOAD ./ra/fsp/src/bsp/mcu/all/bsp_sbrk.o
LOAD ./ra/fsp/src/bsp/mcu/all/bsp_security.o
LOAD ./ra/fsp/src/bsp/cmsis/Device/RENESAS/Source/startup.o
LOAD ./ra/fsp/src/bsp/cmsis/Device/RENESAS/Source/system.o
LOAD ./ra/board/ra8m1_ek/board_init.o
LOAD ./ra/board/ra8m1_ek/board_leds.o
LOAD ./mtk3_bsp2/sysdepend/ra_fsp/lib/libtm/ek_ra8m1/tm_com.o
LOAD ./mtk3_bsp2/sysdepend/ra_fsp/lib/libtm/ek_ra6m3/tm_com.o
LOAD ./mtk3_bsp2/sysdepend/ra_fsp/lib/libtm/arduino_unor4/tm_com.o
LOAD ./mtk3_bsp2/sysdepend/ra_fsp/lib/libtk/cpu/core/armv8m/int_armv8m.o
LOAD ./mtk3_bsp2/sysdepend/ra_fsp/lib/libtk/cpu/core/armv8m/wusec_armv8m.o
LOAD ./mtk3_bsp2/sysdepend/ra_fsp/lib/libtk/cpu/core/armv7m/int_armv7m.o
LOAD ./mtk3_bsp2/sysdepend/ra_fsp/lib/libtk/cpu/core/armv7m/wusec_armv7m.o
LOAD ./mtk3_bsp2/sysdepend/ra_fsp/device/hal_sci_i2c/hal_sci_i2c.o
LOAD ./mtk3_bsp2/sysdepend/ra_fsp/device/hal_i3c_i2c/hal_i3c_i2c.o
LOAD ./mtk3_bsp2/sysdepend/ra_fsp/device/hal_i2c/hal_i2c.o
LOAD ./mtk3_bsp2/sysdepend/ra_fsp/device/hal_adc/hal_adc.o
LOAD ./mtk3_bsp2/sysdepend/ra_fsp/cpu/core/armv8m/cpu_cntl.o
LOAD ./mtk3_bsp2/sysdepend/ra_fsp/cpu/core/armv8m/dispatch.o
LOAD ./mtk3_bsp2/sysdepend/ra_fsp/cpu/core/armv8m/exc_hdr.o
LOAD ./mtk3_bsp2/sysdepend/ra_fsp/cpu/core/armv8m/interrupt.o
LOAD ./mtk3_bsp2/sysdepend/ra_fsp/cpu/core/armv8m/sys_start.o
LOAD ./mtk3_bsp2/sysdepend/ra_fsp/cpu/core/armv7m/cpu_cntl.o
LOAD ./mtk3_bsp2/sysdepend/ra_fsp/cpu/core/armv7m/dispatch.o
LOAD ./mtk3_bsp2/sysdepend/ra_fsp/cpu/core/armv7m/interrupt.o
LOAD ./mtk3_bsp2/sysdepend/ra_fsp/cpu/core/armv7m/sys_start.o
LOAD ./mtk3_bsp2/sysdepend/ra_fsp/devinit.o
LOAD ./mtk3_bsp2/sysdepend/ra_fsp/hw_setting.o
LOAD ./mtk3_bsp2/sysdepend/ra_fsp/power_save.o
LOAD ./mtk3_bsp2/mtkernel/lib/libtm/sysdepend/no_device/tm_com.o
LOAD ./mtk3_bsp2/mtkernel/lib/libtm/sysdepend/iote_stm32l4/tm_com.o
LOAD ./mtk3_bsp2/mtkernel/lib/libtm/sysdepend/iote_rza2m/tm_com.o
LOAD ./mtk3_bsp2/mtkernel/lib/libtm/sysdepend/iote_rx231/tm_com.o
LOAD ./mtk3_bsp2/mtkernel/lib/libtm/sysdepend/iote_m367/tm_com.o
LOAD ./mtk3_bsp2/mtkernel/lib/libtm/libtm.o
LOAD ./mtk3_bsp2/mtkernel/lib/libtm/libtm_printf.o
LOAD ./mtk3_bsp2/mtkernel/lib/libtk/sysdepend/cpu/tx03_m367/int_m367.o
LOAD ./mtk3_bsp2/mtkernel/lib/libtk/sysdepend/cpu/tx03_m367/ptimer_m367.o
LOAD ./mtk3_bsp2/mtkernel/lib/libtk/sysdepend/cpu/stm32l4/int_stm32l4.o
LOAD ./mtk3_bsp2/mtkernel/lib/libtk/sysdepend/cpu/stm32l4/ptimer_stm32l4.o
LOAD ./mtk3_bsp2/mtkernel/lib/libtk/sysdepend/cpu/stm32h7/int_stm32h7.o
LOAD ./mtk3_bsp2/mtkernel/lib/libtk/sysdepend/cpu/stm32h7/ptimer_stm32h7.o
LOAD ./mtk3_bsp2/mtkernel/lib/libtk/sysdepend/cpu/rza2m/ptimer_rza2m.o
LOAD ./mtk3_bsp2/mtkernel/lib/libtk/sysdepend/cpu/rx65n/int_rx65n.o
LOAD ./mtk3_bsp2/mtkernel/lib/libtk/sysdepend/cpu/rx65n/ipr_rx65n.o
LOAD ./mtk3_bsp2/mtkernel/lib/libtk/sysdepend/cpu/rx65n/ptimer_rx65n.o
LOAD ./mtk3_bsp2/mtkernel/lib/libtk/sysdepend/cpu/rx231/int_rx231.o
LOAD ./mtk3_bsp2/mtkernel/lib/libtk/sysdepend/cpu/rx231/ipr_rx231.o
LOAD ./mtk3_bsp2/mtkernel/lib/libtk/sysdepend/cpu/rx231/ptimer_rx231.o
LOAD ./mtk3_bsp2/mtkernel/lib/libtk/sysdepend/cpu/core/rxv2/int_rxv2.o
LOAD ./mtk3_bsp2/mtkernel/lib/libtk/sysdepend/cpu/core/rxv2/wusec_rvx2.o
LOAD ./mtk3_bsp2/mtkernel/lib/libtk/sysdepend/cpu/core/armv7m/int_armv7m.o
LOAD ./mtk3_bsp2/mtkernel/lib/libtk/sysdepend/cpu/core/armv7m/wusec_armv7m.o
LOAD ./mtk3_bsp2/mtkernel/lib/libtk/sysdepend/cpu/core/armv7a/int_armv7a.o
LOAD ./mtk3_bsp2/mtkernel/lib/libtk/sysdepend/cpu/core/armv7a/wusec_armv7a.o
LOAD ./mtk3_bsp2/mtkernel/lib/libtk/fastlock.o
LOAD ./mtk3_bsp2/mtkernel/lib/libtk/fastmlock.o
LOAD ./mtk3_bsp2/mtkernel/lib/libtk/kmalloc.o
LOAD ./mtk3_bsp2/mtkernel/kernel/usermain/usermain.o
LOAD ./mtk3_bsp2/mtkernel/kernel/tstdlib/bitop.o
LOAD ./mtk3_bsp2/mtkernel/kernel/tstdlib/string.o
LOAD ./mtk3_bsp2/mtkernel/kernel/tkernel/cpuctl.o
LOAD ./mtk3_bsp2/mtkernel/kernel/tkernel/device.o
LOAD ./mtk3_bsp2/mtkernel/kernel/tkernel/deviceio.o
LOAD ./mtk3_bsp2/mtkernel/kernel/tkernel/eventflag.o
LOAD ./mtk3_bsp2/mtkernel/kernel/tkernel/int.o
LOAD ./mtk3_bsp2/mtkernel/kernel/tkernel/klock.o
LOAD ./mtk3_bsp2/mtkernel/kernel/tkernel/mailbox.o
LOAD ./mtk3_bsp2/mtkernel/kernel/tkernel/memory.o
LOAD ./mtk3_bsp2/mtkernel/kernel/tkernel/mempfix.o
LOAD ./mtk3_bsp2/mtkernel/kernel/tkernel/mempool.o
LOAD ./mtk3_bsp2/mtkernel/kernel/tkernel/messagebuf.o
LOAD ./mtk3_bsp2/mtkernel/kernel/tkernel/misc_calls.o
LOAD ./mtk3_bsp2/mtkernel/kernel/tkernel/mutex.o
LOAD ./mtk3_bsp2/mtkernel/kernel/tkernel/objname.o
LOAD ./mtk3_bsp2/mtkernel/kernel/tkernel/power.o
LOAD ./mtk3_bsp2/mtkernel/kernel/tkernel/rendezvous.o
LOAD ./mtk3_bsp2/mtkernel/kernel/tkernel/semaphore.o
LOAD ./mtk3_bsp2/mtkernel/kernel/tkernel/task.o
LOAD ./mtk3_bsp2/mtkernel/kernel/tkernel/task_manage.o
LOAD ./mtk3_bsp2/mtkernel/kernel/tkernel/task_sync.o
LOAD ./mtk3_bsp2/mtkernel/kernel/tkernel/time_calls.o
LOAD ./mtk3_bsp2/mtkernel/kernel/tkernel/timer.o
LOAD ./mtk3_bsp2/mtkernel/kernel/tkernel/tkinit.o
LOAD ./mtk3_bsp2/mtkernel/kernel/tkernel/wait.o
LOAD ./mtk3_bsp2/mtkernel/kernel/sysinit/sysinit.o
LOAD ./mtk3_bsp2/mtkernel/kernel/sysdepend/iote_stm32l4/cpu_clock.o
LOAD ./mtk3_bsp2/mtkernel/kernel/sysdepend/iote_stm32l4/devinit.o
LOAD ./mtk3_bsp2/mtkernel/kernel/sysdepend/iote_stm32l4/hw_setting.o
LOAD ./mtk3_bsp2/mtkernel/kernel/sysdepend/iote_stm32l4/power_save.o
LOAD ./mtk3_bsp2/mtkernel/kernel/sysdepend/iote_rza2m/cpu_clock.o
LOAD ./mtk3_bsp2/mtkernel/kernel/sysdepend/iote_rza2m/devinit.o
LOAD ./mtk3_bsp2/mtkernel/kernel/sysdepend/iote_rza2m/hw_setting.o
LOAD ./mtk3_bsp2/mtkernel/kernel/sysdepend/iote_rza2m/power_save.o
LOAD ./mtk3_bsp2/mtkernel/kernel/sysdepend/iote_rx231/cpu_clock.o
LOAD ./mtk3_bsp2/mtkernel/kernel/sysdepend/iote_rx231/devinit.o
LOAD ./mtk3_bsp2/mtkernel/kernel/sysdepend/iote_rx231/hw_setting.o
LOAD ./mtk3_bsp2/mtkernel/kernel/sysdepend/iote_rx231/power_save.o
LOAD ./mtk3_bsp2/mtkernel/kernel/sysdepend/iote_m367/cpu_clock.o
LOAD ./mtk3_bsp2/mtkernel/kernel/sysdepend/iote_m367/devinit.o
LOAD ./mtk3_bsp2/mtkernel/kernel/sysdepend/iote_m367/hw_setting.o
LOAD ./mtk3_bsp2/mtkernel/kernel/sysdepend/iote_m367/power_save.o
LOAD ./mtk3_bsp2/mtkernel/kernel/sysdepend/cpu/tx03_m367/vector_tbl.o
LOAD ./mtk3_bsp2/mtkernel/kernel/sysdepend/cpu/stm32l4/vector_tbl.o
LOAD ./mtk3_bsp2/mtkernel/kernel/sysdepend/cpu/stm32h7/vector_tbl.o
LOAD ./mtk3_bsp2/mtkernel/kernel/sysdepend/cpu/rza2m/sf_boot.o
LOAD ./mtk3_bsp2/mtkernel/kernel/sysdepend/cpu/rza2m/ttb_ini.o
LOAD ./mtk3_bsp2/mtkernel/kernel/sysdepend/cpu/rx65n/group_int.o
LOAD ./mtk3_bsp2/mtkernel/kernel/sysdepend/cpu/rx65n/hllint_ent.o
LOAD ./mtk3_bsp2/mtkernel/kernel/sysdepend/cpu/rx65n/hllint_tbl.o
LOAD ./mtk3_bsp2/mtkernel/kernel/sysdepend/cpu/rx65n/intvect_tbl.o
LOAD ./mtk3_bsp2/mtkernel/kernel/sysdepend/cpu/rx231/hllint_ent.o
LOAD ./mtk3_bsp2/mtkernel/kernel/sysdepend/cpu/rx231/hllint_tbl.o
LOAD ./mtk3_bsp2/mtkernel/kernel/sysdepend/cpu/rx231/intvect_tbl.o
LOAD ./mtk3_bsp2/mtkernel/kernel/sysdepend/cpu/core/rxv2/cpu_cntl.o
LOAD ./mtk3_bsp2/mtkernel/kernel/sysdepend/cpu/core/rxv2/dispatch.o
LOAD ./mtk3_bsp2/mtkernel/kernel/sysdepend/cpu/core/rxv2/exc_hdr.o
LOAD ./mtk3_bsp2/mtkernel/kernel/sysdepend/cpu/core/rxv2/int_asm.o
LOAD ./mtk3_bsp2/mtkernel/kernel/sysdepend/cpu/core/rxv2/interrupt.o
LOAD ./mtk3_bsp2/mtkernel/kernel/sysdepend/cpu/core/rxv2/reset_hdl.o
LOAD ./mtk3_bsp2/mtkernel/kernel/sysdepend/cpu/core/rxv2/reset_main.o
LOAD ./mtk3_bsp2/mtkernel/kernel/sysdepend/cpu/core/rxv2/vector_tbl.o
LOAD ./mtk3_bsp2/mtkernel/kernel/sysdepend/cpu/core/armv7m/cpu_cntl.o
LOAD ./mtk3_bsp2/mtkernel/kernel/sysdepend/cpu/core/armv7m/dispatch.o
LOAD ./mtk3_bsp2/mtkernel/kernel/sysdepend/cpu/core/armv7m/exc_hdr.o
LOAD ./mtk3_bsp2/mtkernel/kernel/sysdepend/cpu/core/armv7m/interrupt.o
LOAD ./mtk3_bsp2/mtkernel/kernel/sysdepend/cpu/core/armv7m/reset_hdl.o
LOAD ./mtk3_bsp2/mtkernel/kernel/sysdepend/cpu/core/armv7a/cpu_cntl.o
LOAD ./mtk3_bsp2/mtkernel/kernel/sysdepend/cpu/core/armv7a/dispatch.o
LOAD ./mtk3_bsp2/mtkernel/kernel/sysdepend/cpu/core/armv7a/exc_entry.o
LOAD ./mtk3_bsp2/mtkernel/kernel/sysdepend/cpu/core/armv7a/exc_hdl.o
LOAD ./mtk3_bsp2/mtkernel/kernel/sysdepend/cpu/core/armv7a/int_asm.o
LOAD ./mtk3_bsp2/mtkernel/kernel/sysdepend/cpu/core/armv7a/interrupt.o
LOAD ./mtk3_bsp2/mtkernel/kernel/sysdepend/cpu/core/armv7a/reset_hdl.o
LOAD ./mtk3_bsp2/mtkernel/kernel/sysdepend/cpu/core/armv7a/reset_main.o
LOAD ./mtk3_bsp2/mtkernel/kernel/sysdepend/cpu/core/armv7a/vector_tbl.o
LOAD ./mtk3_bsp2/mtkernel/kernel/inittask/inittask.o
LOAD ./mtk3_bsp2/mtkernel/device/ser/sysdepend/tx03_m367/ser_m367.o
LOAD ./mtk3_bsp2/mtkernel/device/ser/sysdepend/stm32l4/ser_stm32l4.o
LOAD ./mtk3_bsp2/mtkernel/device/ser/sysdepend/stm32h7/ser_stm32h7.o
LOAD ./mtk3_bsp2/mtkernel/device/ser/sysdepend/rza2m/ser_rza2m.o
LOAD ./mtk3_bsp2/mtkernel/device/ser/sysdepend/rx65n/ser_rx65n.o
LOAD ./mtk3_bsp2/mtkernel/device/ser/sysdepend/rx231/ser_rx231.o
LOAD ./mtk3_bsp2/mtkernel/device/ser/ser.o
LOAD ./mtk3_bsp2/mtkernel/device/i2c/sysdepend/tx03_m367/i2c_m367.o
LOAD ./mtk3_bsp2/mtkernel/device/i2c/sysdepend/stm32l4/i2c_stm32l4.o
LOAD ./mtk3_bsp2/mtkernel/device/i2c/sysdepend/stm32h7/i2c_stm32h7.o
LOAD ./mtk3_bsp2/mtkernel/device/i2c/sysdepend/rza2m/i2c_rza2m.o
LOAD ./mtk3_bsp2/mtkernel/device/i2c/sysdepend/rx65n/i2c_rx65n.o
LOAD ./mtk3_bsp2/mtkernel/device/i2c/sysdepend/rx231/i2c_rx231.o
LOAD ./mtk3_bsp2/mtkernel/device/i2c/i2c.o
LOAD ./mtk3_bsp2/mtkernel/device/common/drvif/msdrvif.o
LOAD ./mtk3_bsp2/mtkernel/device/adc/sysdepend/tx03_m367/adc_m367.o
LOAD ./mtk3_bsp2/mtkernel/device/adc/sysdepend/stm32l4/adc_stm32l4.o
LOAD ./mtk3_bsp2/mtkernel/device/adc/sysdepend/stm32h7/adc_stm32h7.o
LOAD ./mtk3_bsp2/mtkernel/device/adc/sysdepend/rza2m/adc_rza2m.o
LOAD ./mtk3_bsp2/mtkernel/device/adc/sysdepend/rx65n/adc_rx65n.o
LOAD ./mtk3_bsp2/mtkernel/device/adc/sysdepend/rx231/adc_rx231.o
LOAD ./mtk3_bsp2/mtkernel/device/adc/adc.o
LOAD ./Application/mtk3_example.o
END GROUP
START GROUP
LOAD C:/Program Files (x86)/Arm GNU Toolchain arm-none-eabi/13.2 Rel1/bin/../lib/gcc/arm-none-eabi/13.2.1/thumb/v8-m.main+dp/hard\libgcc.a
LOAD C:/Program Files (x86)/Arm GNU Toolchain arm-none-eabi/13.2 Rel1/bin/../lib/gcc/arm-none-eabi/13.2.1/thumb/v8-m.main+dp/hard\libg_nano.a
LOAD C:/Program Files (x86)/Arm GNU Toolchain arm-none-eabi/13.2 Rel1/bin/../lib/gcc/arm-none-eabi/13.2.1/thumb/v8-m.main+dp/hard\libc_nano.a
END GROUP
START GROUP
LOAD C:/Program Files (x86)/Arm GNU Toolchain arm-none-eabi/13.2 Rel1/bin/../lib/gcc/arm-none-eabi/13.2.1/thumb/v8-m.main+dp/hard\libgcc.a
LOAD C:/Program Files (x86)/Arm GNU Toolchain arm-none-eabi/13.2 Rel1/bin/../lib/gcc/arm-none-eabi/13.2.1/thumb/v8-m.main+dp/hard\libc_nano.a
END GROUP
LOAD C:/Program Files (x86)/Arm GNU Toolchain arm-none-eabi/13.2 Rel1/bin/../lib/gcc/arm-none-eabi/13.2.1/thumb/v8-m.main+dp/hard/crtend.o
LOAD C:/Program Files (x86)/Arm GNU Toolchain arm-none-eabi/13.2 Rel1/bin/../lib/gcc/arm-none-eabi/13.2.1/thumb/v8-m.main+dp/hard/crtn.o
                0x22000000                        RAM_START = 0x22000000
                0x000e0000                        RAM_LENGTH = 0xe0000
                0x02000000                        FLASH_START = 0x2000000
                0x001f8000                        FLASH_LENGTH = 0x1f8000
                0x27000000                        DATA_FLASH_START = 0x27000000
                0x00003000                        DATA_FLASH_LENGTH = 0x3000
                0x0300a100                        OPTION_SETTING_START = 0x300a100
                0x00000100                        OPTION_SETTING_LENGTH = 0x100
                0x0300a200                        OPTION_SETTING_S_START = 0x300a200
                0x00000100                        OPTION_SETTING_S_LENGTH = 0x100
                0x27030080                        OPTION_SETTING_DATA_FLASH_S_START = 0x27030080
                0x00000800                        OPTION_SETTING_DATA_FLASH_S_LENGTH = 0x800
                0x00000000                        ID_CODE_START = 0x0
                0x00000000                        ID_CODE_LENGTH = 0x0
                0x68000000                        SDRAM_START = 0x68000000
                0x08000000                        SDRAM_LENGTH = 0x8000000
                0x60000000                        QSPI_FLASH_START = 0x60000000
                0x00000000                        QSPI_FLASH_LENGTH = 0x0
                0x80000000                        OSPI_DEVICE_0_START = 0x80000000
                0x10000000                        OSPI_DEVICE_0_LENGTH = 0x10000000
                0x90000000                        OSPI_DEVICE_1_START = 0x90000000
                0x10000000                        OSPI_DEVICE_1_LENGTH = 0x10000000
                0x00000000                        ITCM_START = 0x0
                0x00010000                        ITCM_LENGTH = 0x10000
                0x20000000                        DTCM_START = 0x20000000
                0x00010000                        DTCM_LENGTH = 0x10000
                0x10000000                        NS_OFFSET_START = 0x10000000
                0x00000000                        NS_OFFSET_LENGTH = 0x0
                0x00000000                        QSPI_FLASH_PRV_LENGTH = DEFINED (QSPI_FLASH_SIZE)?ABSOLUTE (QSPI_FLASH_SIZE):ABSOLUTE (QSPI_FLASH_LENGTH)
                0x10000000                        OSPI_DEVICE_0_PRV_LENGTH = DEFINED (OSPI_DEVICE_0_SIZE)?ABSOLUTE (OSPI_DEVICE_0_SIZE):ABSOLUTE (OSPI_DEVICE_0_LENGTH)
                0x10000000                        OSPI_DEVICE_1_PRV_LENGTH = DEFINED (OSPI_DEVICE_1_SIZE)?ABSOLUTE (OSPI_DEVICE_1_SIZE):ABSOLUTE (OSPI_DEVICE_1_LENGTH)
                0x00000000                        __RESERVE_NS_RAM = ((! (DEFINED (PROJECT_NONSECURE)) && DEFINED (RAM_NS_BUFFER_LENGTH)) && (OPTION_SETTING_S_LENGTH != 0x0))
                0x00000000                        ITCM_START = DEFINED (ITCM_START)?ITCM_START:0x0
                0x00010000                        ITCM_LENGTH = DEFINED (ITCM_LENGTH)?ITCM_LENGTH:0x0
                0x20000000                        DTCM_START = DEFINED (DTCM_START)?DTCM_START:0x0
                0x00010000                        DTCM_LENGTH = DEFINED (DTCM_LENGTH)?DTCM_LENGTH:0x0
                0x00000000                        RAM_NS_BUFFER_BLOCK_LENGTH = DEFINED (RAM_NS_BUFFER_LENGTH)?ALIGN (RAM_NS_BUFFER_LENGTH, 0x2000):0x0
                0x00000000                        RAM_NS_BUFFER_LENGTH = DEFINED (RAM_NS_BUFFER_LENGTH)?RAM_NS_BUFFER_LENGTH:0x0
                0x220e0000                        RAM_NS_BUFFER_START = ((RAM_START + RAM_LENGTH) - RAM_NS_BUFFER_LENGTH)
                0x220e0000                        RAM_NS_BUFFER_BLOCK_START = ((RAM_START + RAM_LENGTH) - RAM_NS_BUFFER_BLOCK_LENGTH)
                0x0300a180                        OPTION_SETTING_START_NS = DEFINED (PROJECT_NONSECURE)?OPTION_SETTING_START:(OPTION_SETTING_START + 0x80)
                0x27030080                        OPTION_SETTING_DATA_FLASH_S_START = DEFINED (OPTION_SETTING_DATA_FLASH_S_START)?OPTION_SETTING_DATA_FLASH_S_START:0x0
                0x00000800                        OPTION_SETTING_DATA_FLASH_S_LENGTH = DEFINED (OPTION_SETTING_DATA_FLASH_S_LENGTH)?OPTION_SETTING_DATA_FLASH_S_LENGTH:0x0
                0x00000001                        __bl_FSP_BOOTABLE_IMAGE = 0x1
                0x00000001                        __bln_FSP_BOOTABLE_IMAGE = 0x1
                0x00000001                        PROJECT_SECURE_OR_FLAT = (((! (DEFINED (PROJECT_NONSECURE)) || DEFINED (PROJECT_SECURE)) && OPTION_SETTING_LENGTH) && ! (DEFINED (FSP_BOOTABLE_IMAGE)))
                0x00000000                        USE_OPTION_SETTING_NS = (DEFINED (PROJECT_NONSECURE) && ! (DEFINED (FSP_BOOTABLE_IMAGE)))
                0x00000001                        USE_OPTION_SETTING_DATA_FLASH = (PROJECT_SECURE_OR_FLAT && (OPTION_SETTING_DATA_FLASH_S_LENGTH != 0x0))
                0x00000000                        __bl_FLASH_IMAGE_START = ! (DEFINED (FLASH_BOOTLOADER_LENGTH))?0x0:(FLASH_APPLICATION_IMAGE_NUMBER == 0x1)?((FLASH_START + FLASH_BOOTLOADER_LENGTH) + FLASH_BOOTLOADER_HEADER_LENGTH):DEFINED (BOOTLOADER_SECONDARY_USE_QSPI)?(((FLASH_START + FLASH_BOOTLOADER_LENGTH) + FLASH_BOOTLOADER_SCRATCH_LENGTH) + FLASH_BOOTLOADER_HEADER_LENGTH):((((FLASH_START + FLASH_BOOTLOADER_LENGTH) + FLASH_BOOTLOADER_SCRATCH_LENGTH) + FLASH_APPLICATION_S_LENGTH) + FLASH_BOOTLOADER_HEADER_LENGTH)
                0x00000000                        __bl_FLASH_IMAGE_LENGTH = ! (DEFINED (FLASH_BOOTLOADER_LENGTH))?0x0:(FLASH_APPLICATION_S_LENGTH - FLASH_BOOTLOADER_HEADER_LENGTH)
                0x00000000                        __bl_FLASH_IMAGE_END = (__bl_FLASH_IMAGE_START + __bl_FLASH_IMAGE_LENGTH)
                0x00000000                        __bl_XIP_SECONDARY_FLASH_IMAGE_START = ! (DEFINED (FLASH_BOOTLOADER_LENGTH))?0x0:((FLASH_BOOTLOADER_LENGTH + FLASH_APPLICATION_S_LENGTH) + FLASH_BOOTLOADER_HEADER_LENGTH)
                0x00000000                        __bl_XIP_SECONDARY_FLASH_IMAGE_END = (__bl_XIP_SECONDARY_FLASH_IMAGE_START + __bl_FLASH_IMAGE_LENGTH)
                0x00000000                        __bl_FLASH_NS_START = ! (DEFINED (FLASH_BOOTLOADER_LENGTH))?0x0:(FLASH_APPLICATION_NS_LENGTH == 0x0)?__bl_FLASH_IMAGE_END:((__bl_FLASH_IMAGE_START - FLASH_BOOTLOADER_HEADER_LENGTH) + FLASH_APPLICATION_S_LENGTH)
                0x00000000                        __bl_FLASH_NSC_START = ! (DEFINED (FLASH_BOOTLOADER_LENGTH))?0x0:(FLASH_APPLICATION_NS_LENGTH == 0x0)?__bl_FLASH_IMAGE_END:(__bl_FLASH_IMAGE_END - FLASH_APPLICATION_NSC_LENGTH)
                0x00000000                        __bl_RAM_NS_START = ! (DEFINED (FLASH_BOOTLOADER_LENGTH))?0x0:(FLASH_APPLICATION_NS_LENGTH == 0x0)?(RAM_START + RAM_LENGTH):((RAM_START + RAM_LENGTH) - RAM_APPLICATION_NS_LENGTH)
                0x00000000                        __bl_RAM_NSC_START = ! (DEFINED (FLASH_BOOTLOADER_LENGTH))?0x0:(FLASH_APPLICATION_NS_LENGTH == 0x0)?(RAM_START + RAM_LENGTH):(__bl_RAM_NS_START - RAM_APPLICATION_NSC_LENGTH)
                0x00000000                        __bl_FLASH_NS_IMAGE_START = ! (DEFINED (FLASH_BOOTLOADER_LENGTH))?0x0:(FLASH_APPLICATION_NS_LENGTH == 0x0)?__bl_FLASH_IMAGE_END:(__bl_FLASH_NS_START + FLASH_BOOTLOADER_HEADER_LENGTH_2)
                0x10000000                        __bln_FLASH_IMAGE_START = (__bl_FLASH_NS_IMAGE_START | ! (DEFINED (NS_OFFSET_START))?0x0:NS_OFFSET_START)
                0x00000000                        __bln_FLASH_IMAGE_LENGTH = ! (DEFINED (FLASH_BOOTLOADER_LENGTH))?0x0:(FLASH_APPLICATION_NS_LENGTH == 0x0)?__bl_FLASH_IMAGE_END:(FLASH_APPLICATION_NS_LENGTH - FLASH_BOOTLOADER_HEADER_LENGTH_2)
                0x00000000                        XIP_SECONDARY_SLOT_IMAGE = DEFINED (XIP_SECONDARY_SLOT_IMAGE)?XIP_SECONDARY_SLOT_IMAGE:0x0
                0x02000000                        FLASH_ORIGIN = ! (DEFINED (FLASH_IMAGE_START))?FLASH_START:(XIP_SECONDARY_SLOT_IMAGE == 0x1)?XIP_SECONDARY_FLASH_IMAGE_START:FLASH_IMAGE_START
                0x001f8000                        LIMITED_FLASH_LENGTH = DEFINED (FLASH_IMAGE_LENGTH)?FLASH_IMAGE_LENGTH:DEFINED (FLASH_BOOTLOADER_LENGTH)?FLASH_BOOTLOADER_LENGTH:FLASH_LENGTH
                0x00000034                        OPTION_SETTING_SAS_SIZE = 0x34
                0x000000cc                        OPTION_SETTING_SAS_LENGTH = ! (DEFINED (OPTION_SETTING_LENGTH))?0x0:(OPTION_SETTING_LENGTH == 0x0)?0x0:(OPTION_SETTING_LENGTH - OPTION_SETTING_SAS_SIZE)
START GROUP
LOAD C:/Program Files (x86)/Arm GNU Toolchain arm-none-eabi/13.2 Rel1/bin/../lib/gcc/arm-none-eabi/13.2.1/thumb/v8-m.main+dp/hard\libgcc.a
LOAD C:/Program Files (x86)/Arm GNU Toolchain arm-none-eabi/13.2 Rel1/bin/../lib/gcc/arm-none-eabi/13.2.1/thumb/v8-m.main+dp/hard\libc.a
LOAD C:/Program Files (x86)/Arm GNU Toolchain arm-none-eabi/13.2 Rel1/bin/../lib/gcc/arm-none-eabi/13.2.1/thumb/v8-m.main+dp/hard\libm.a
END GROUP

.text           0x02000000     0x33ac
                0x02000000                        __tz_FLASH_S = ABSOLUTE (FLASH_START)
                0x02000000                        __ROM_Start = .
 *(.fixed_vectors*)
 .fixed_vectors
                0x02000000       0x40 ./ra/fsp/src/bsp/cmsis/Device/RENESAS/Source/startup.o
                0x02000000                __Vectors
 *(.application_vectors*)
                0x02000040                        __Vectors_End = .
 *(.flash_gap*)
                0x02000040                        . = (OPTION_SETTING_LENGTH > 0x0)?.:(__ROM_Start + 0x400)
 *(.rom_registers*)
 *(.mcuboot_sce9_key*)
 *(.text*)
 .text.deregister_tm_clones
                0x02000040       0x1c C:/Program Files (x86)/Arm GNU Toolchain arm-none-eabi/13.2 Rel1/bin/../lib/gcc/arm-none-eabi/13.2.1/thumb/v8-m.main+dp/hard/crtbegin.o
 .text.register_tm_clones
                0x0200005c       0x28 C:/Program Files (x86)/Arm GNU Toolchain arm-none-eabi/13.2 Rel1/bin/../lib/gcc/arm-none-eabi/13.2.1/thumb/v8-m.main+dp/hard/crtbegin.o
 .text.__do_global_dtors_aux
                0x02000084       0x28 C:/Program Files (x86)/Arm GNU Toolchain arm-none-eabi/13.2 Rel1/bin/../lib/gcc/arm-none-eabi/13.2.1/thumb/v8-m.main+dp/hard/crtbegin.o
 .text.frame_dummy
                0x020000ac       0x24 C:/Program Files (x86)/Arm GNU Toolchain arm-none-eabi/13.2 Rel1/bin/../lib/gcc/arm-none-eabi/13.2.1/thumb/v8-m.main+dp/hard/crtbegin.o
 .text.hal_entry
                0x020000d0        0x4 ./src/hal_entry.o
                0x020000d0                hal_entry
 .text.R_BSP_WarmStart
                0x020000d4       0x18 ./src/hal_entry.o
                0x020000d4                R_BSP_WarmStart
 .text.startup.main
                0x020000ec        0xc ./ra_gen/main.o
                0x020000ec                main
 .text.bsp_vbatt_init
                0x020000f8       0xec ./ra/fsp/src/r_ioport/r_ioport.o
 .text.r_ioport_pins_config
                0x020001e4       0xac ./ra/fsp/src/r_ioport/r_ioport.o
 .text.R_IOPORT_Open
                0x02000290       0x14 ./ra/fsp/src/r_ioport/r_ioport.o
                0x02000290                R_IOPORT_Open
 .text.SystemCoreClockUpdate
                0x020002a4       0x64 ./ra/fsp/src/bsp/mcu/all/bsp_clocks.o
                0x020002a4                SystemCoreClockUpdate
 .text.R_BSP_SubClockStabilizeWaitAfterReset
                0x02000308        0x4 ./ra/fsp/src/bsp/mcu/all/bsp_clocks.o
                0x02000308                R_BSP_SubClockStabilizeWaitAfterReset
 *fill*         0x0200030c        0x4 ff
 .text.bsp_clock_init
                0x02000310      0x174 ./ra/fsp/src/bsp/mcu/all/bsp_clocks.o
                0x02000310                bsp_clock_init
 .text.R_BSP_Init_RTC
                0x02000484       0xb0 ./ra/fsp/src/bsp/mcu/all/bsp_clocks.o
                0x02000484                R_BSP_Init_RTC
 *fill*         0x02000534        0x4 ff
 .text.bsp_prv_software_delay_loop
                0x02000538        0xc ./ra/fsp/src/bsp/mcu/all/bsp_delay.o
                0x02000538                bsp_prv_software_delay_loop
 .text.R_BSP_SoftwareDelay
                0x02000544       0x54 ./ra/fsp/src/bsp/mcu/all/bsp_delay.o
                0x02000544                R_BSP_SoftwareDelay
 .text.NMI_Handler
                0x02000598       0x44 ./ra/fsp/src/bsp/mcu/all/bsp_group_irq.o
                0x02000598                NMI_Handler
 .text.bsp_irq_cfg
                0x020005dc       0x2c ./ra/fsp/src/bsp/mcu/all/bsp_irq.o
                0x020005dc                bsp_irq_cfg
 .text.R_BSP_RegisterProtectEnable
                0x02000608       0x60 ./ra/fsp/src/bsp/mcu/all/bsp_register_protection.o
                0x02000608                R_BSP_RegisterProtectEnable
 .text.R_BSP_RegisterProtectDisable
                0x02000668       0x54 ./ra/fsp/src/bsp/mcu/all/bsp_register_protection.o
                0x02000668                R_BSP_RegisterProtectDisable
 .text.Default_Handler
                0x020006bc        0x4 ./ra/fsp/src/bsp/cmsis/Device/RENESAS/Source/startup.o
                0x020006bc                DebugMon_Handler
                0x020006bc                HardFault_Handler
                0x020006bc                SysTick_Handler
                0x020006bc                PendSV_Handler
                0x020006bc                UsageFault_Handler
                0x020006bc                SecureFault_Handler
                0x020006bc                Default_Handler
                0x020006bc                MemManage_Handler
                0x020006bc                SVC_Handler
                0x020006bc                BusFault_Handler
 .text.Reset_Handler
                0x020006c0        0xc ./ra/fsp/src/bsp/cmsis/Device/RENESAS/Source/startup.o
                0x020006c0                Reset_Handler
 *fill*         0x020006cc        0x4 ff
 .text.SystemInit
                0x020006d0      0x1ac ./ra/fsp/src/bsp/cmsis/Device/RENESAS/Source/system.o
                0x020006d0                SystemInit
 .text.bsp_init
                0x0200087c        0x4 ./ra/board/ra8m1_ek/board_init.o
                0x0200087c                bsp_init
 .text.tm_snd_dat
                0x02000880       0x30 ./mtk3_bsp2/sysdepend/ra_fsp/lib/libtm/ek_ra8m1/tm_com.o
                0x02000880                tm_snd_dat
 .text.tm_com_init
                0x020008b0       0x38 ./mtk3_bsp2/sysdepend/ra_fsp/lib/libtm/ek_ra8m1/tm_com.o
                0x020008b0                tm_com_init
 .text.set_basepri
                0x020008e8        0xc ./mtk3_bsp2/sysdepend/ra_fsp/lib/libtk/cpu/core/armv8m/int_armv8m.o
                0x020008e8                set_basepri
 .text.get_basepri
                0x020008f4        0x8 ./mtk3_bsp2/sysdepend/ra_fsp/lib/libtk/cpu/core/armv8m/int_armv8m.o
                0x020008f4                get_basepri
 .text.disint   0x020008fc        0xc ./mtk3_bsp2/sysdepend/ra_fsp/lib/libtk/cpu/core/armv8m/int_armv8m.o
                0x020008fc                disint
 .text.knl_force_dispatch
                0x02000908       0x28 ./mtk3_bsp2/sysdepend/ra_fsp/cpu/core/armv8m/cpu_cntl.o
                0x02000908                knl_force_dispatch
 .text.knl_dispatch
                0x02000930       0x10 ./mtk3_bsp2/sysdepend/ra_fsp/cpu/core/armv8m/cpu_cntl.o
                0x02000930                knl_dispatch
 .text          0x02000940       0xdc ./mtk3_bsp2/sysdepend/ra_fsp/cpu/core/armv8m/dispatch.o
                0x02000940                knl_dispatch_entry
 .text.knl_nmi_handler
                0x02000a1c       0x10 ./mtk3_bsp2/sysdepend/ra_fsp/cpu/core/armv8m/exc_hdr.o
                0x02000a1c                knl_nmi_handler
 .text.knl_hardfault_handler
                0x02000a2c       0x3c ./mtk3_bsp2/sysdepend/ra_fsp/cpu/core/armv8m/exc_hdr.o
                0x02000a2c                knl_hardfault_handler
 .text.knl_memmanage_handler
                0x02000a68       0x10 ./mtk3_bsp2/sysdepend/ra_fsp/cpu/core/armv8m/exc_hdr.o
                0x02000a68                knl_memmanage_handler
 .text.knl_busfault_handler
                0x02000a78       0x10 ./mtk3_bsp2/sysdepend/ra_fsp/cpu/core/armv8m/exc_hdr.o
                0x02000a78                knl_busfault_handler
 .text.knl_usagefault_handler
                0x02000a88       0x10 ./mtk3_bsp2/sysdepend/ra_fsp/cpu/core/armv8m/exc_hdr.o
                0x02000a88                knl_usagefault_handler
 .text.knl_svcall_handler
                0x02000a98       0x10 ./mtk3_bsp2/sysdepend/ra_fsp/cpu/core/armv8m/exc_hdr.o
                0x02000a98                knl_svcall_handler
 .text.knl_debugmon_handler
                0x02000aa8       0x10 ./mtk3_bsp2/sysdepend/ra_fsp/cpu/core/armv8m/exc_hdr.o
                0x02000aa8                knl_debugmon_handler
 .text.knl_systim_inthdr
                0x02000ab8       0x1c ./mtk3_bsp2/sysdepend/ra_fsp/cpu/core/armv8m/interrupt.o
                0x02000ab8                knl_systim_inthdr
 .text.knl_init_interrupt
                0x02000ad4       0x64 ./mtk3_bsp2/sysdepend/ra_fsp/cpu/core/armv8m/interrupt.o
                0x02000ad4                knl_init_interrupt
 .text.knl_start_mtkernel
                0x02000b38       0xc0 ./mtk3_bsp2/sysdepend/ra_fsp/cpu/core/armv8m/sys_start.o
                0x02000b38                knl_start_mtkernel
 .text.knl_init_device
                0x02000bf8        0x4 ./mtk3_bsp2/sysdepend/ra_fsp/devinit.o
                0x02000bf8                knl_init_device
 .text.knl_start_device
                0x02000bfc        0x4 ./mtk3_bsp2/sysdepend/ra_fsp/devinit.o
                0x02000bfc                knl_start_device
 .text.knl_finish_device
                0x02000c00        0x4 ./mtk3_bsp2/sysdepend/ra_fsp/devinit.o
                0x02000c00                knl_finish_device
 .text.knl_startup_hw
                0x02000c04        0x4 ./mtk3_bsp2/sysdepend/ra_fsp/hw_setting.o
                0x02000c04                knl_startup_hw
 .text.knl_shutdown_hw
                0x02000c08        0x8 ./mtk3_bsp2/sysdepend/ra_fsp/hw_setting.o
                0x02000c08                knl_shutdown_hw
 .text.knl_restart_hw
                0x02000c10       0x3c ./mtk3_bsp2/sysdepend/ra_fsp/hw_setting.o
                0x02000c10                knl_restart_hw
 .text.low_pow  0x02000c4c        0x4 ./mtk3_bsp2/sysdepend/ra_fsp/power_save.o
                0x02000c4c                low_pow
 .text.libtm_init
                0x02000c50        0x4 ./mtk3_bsp2/mtkernel/lib/libtm/libtm.o
                0x02000c50                libtm_init
 .text.tm_putchar
                0x02000c54       0x3c ./mtk3_bsp2/mtkernel/lib/libtm/libtm.o
                0x02000c54                tm_putchar
 .text.tm_putstring
                0x02000c90       0x58 ./mtk3_bsp2/mtkernel/lib/libtm/libtm.o
                0x02000c90                tm_putstring
 .text.out_cons
                0x02000ce8       0x20 ./mtk3_bsp2/mtkernel/lib/libtm/libtm_printf.o
 .text.tm_vsprintf
                0x02000d08      0x5f4 ./mtk3_bsp2/mtkernel/lib/libtm/libtm_printf.o
 .text.tm_printf
                0x020012fc       0x34 ./mtk3_bsp2/mtkernel/lib/libtm/libtm_printf.o
                0x020012fc                tm_printf
 .text.MLockTmo
                0x02001330       0x58 ./mtk3_bsp2/mtkernel/lib/libtk/fastmlock.o
                0x02001330                MLockTmo
 .text.MLock    0x02001388        0x8 ./mtk3_bsp2/mtkernel/lib/libtk/fastmlock.o
                0x02001388                MLock
 .text.MUnlock  0x02001390       0x2c ./mtk3_bsp2/mtkernel/lib/libtk/fastmlock.o
                0x02001390                MUnlock
 .text.CreateMLock
                0x020013bc       0x30 ./mtk3_bsp2/mtkernel/lib/libtk/fastmlock.o
                0x020013bc                CreateMLock
 .text.DeleteMLock
                0x020013ec       0x20 ./mtk3_bsp2/mtkernel/lib/libtk/fastmlock.o
                0x020013ec                DeleteMLock
 .text.knl_memset
                0x0200140c       0xa8 ./mtk3_bsp2/mtkernel/kernel/tstdlib/string.o
                0x0200140c                knl_memset
 .text.knl_initialize_devmgr
                0x020014b4       0x78 ./mtk3_bsp2/mtkernel/kernel/tkernel/device.o
                0x020014b4                knl_initialize_devmgr
 .text.knl_close_device
                0x0200152c      0x284 ./mtk3_bsp2/mtkernel/kernel/tkernel/deviceio.o
                0x0200152c                knl_close_device
 .text.knl_devmgr_startup
                0x020017b0       0x28 ./mtk3_bsp2/mtkernel/kernel/tkernel/deviceio.o
                0x020017b0                knl_devmgr_startup
 .text.knl_devmgr_cleanup
                0x020017d8       0x64 ./mtk3_bsp2/mtkernel/kernel/tkernel/deviceio.o
                0x020017d8                knl_devmgr_cleanup
 .text.knl_initDevIO
                0x0200183c       0x64 ./mtk3_bsp2/mtkernel/kernel/tkernel/deviceio.o
                0x0200183c                knl_initDevIO
 .text.knl_finishDevIO
                0x020018a0        0x4 ./mtk3_bsp2/mtkernel/kernel/tkernel/deviceio.o
                0x020018a0                knl_finishDevIO
 .text.flg_chg_pri
                0x020018a4       0x18 ./mtk3_bsp2/mtkernel/kernel/tkernel/eventflag.o
 .text.knl_eventflag_initialize
                0x020018bc       0x34 ./mtk3_bsp2/mtkernel/kernel/tkernel/eventflag.o
                0x020018bc                knl_eventflag_initialize
 .text.tk_cre_flg
                0x020018f0       0x8c ./mtk3_bsp2/mtkernel/kernel/tkernel/eventflag.o
                0x020018f0                tk_cre_flg
 .text.tk_del_flg
                0x0200197c       0x7c ./mtk3_bsp2/mtkernel/kernel/tkernel/eventflag.o
                0x0200197c                tk_del_flg
 .text.tk_set_flg
                0x020019f8       0xd0 ./mtk3_bsp2/mtkernel/kernel/tkernel/eventflag.o
                0x020019f8                tk_set_flg
 .text.tk_wai_flg
                0x02001ac8      0x144 ./mtk3_bsp2/mtkernel/kernel/tkernel/eventflag.o
                0x02001ac8                tk_wai_flg
 .text.knl_mailbox_initialize
                0x02001c0c       0x34 ./mtk3_bsp2/mtkernel/kernel/tkernel/mailbox.o
                0x02001c0c                knl_mailbox_initialize
 .text.knl_searchFreeArea
                0x02001c40       0x44 ./mtk3_bsp2/mtkernel/kernel/tkernel/memory.o
                0x02001c40                knl_searchFreeArea
 .text.knl_appendFreeArea
                0x02001c84       0x58 ./mtk3_bsp2/mtkernel/kernel/tkernel/memory.o
                0x02001c84                knl_appendFreeArea
 .text.knl_removeFreeQue
                0x02001cdc       0x3c ./mtk3_bsp2/mtkernel/kernel/tkernel/memory.o
                0x02001cdc                knl_removeFreeQue
 .text.knl_Imalloc
                0x02001d18       0x8c ./mtk3_bsp2/mtkernel/kernel/tkernel/memory.o
                0x02001d18                knl_Imalloc
 .text.knl_Ifree
                0x02001da4       0x88 ./mtk3_bsp2/mtkernel/kernel/tkernel/memory.o
                0x02001da4                knl_Ifree
 .text.knl_init_Imalloc
                0x02001e2c       0x98 ./mtk3_bsp2/mtkernel/kernel/tkernel/memory.o
                0x02001e2c                knl_init_Imalloc
 .text.knl_fix_memorypool_initialize
                0x02001ec4       0x38 ./mtk3_bsp2/mtkernel/kernel/tkernel/mempfix.o
                0x02001ec4                knl_fix_memorypool_initialize
 .text.knl_memorypool_initialize
                0x02001efc       0x38 ./mtk3_bsp2/mtkernel/kernel/tkernel/mempool.o
                0x02001efc                knl_memorypool_initialize
 .text.knl_messagebuffer_initialize
                0x02001f34       0x34 ./mtk3_bsp2/mtkernel/kernel/tkernel/messagebuf.o
                0x02001f34                knl_messagebuffer_initialize
 .text.knl_mutex_initialize
                0x02001f68       0x38 ./mtk3_bsp2/mtkernel/kernel/tkernel/mutex.o
                0x02001f68                knl_mutex_initialize
 .text.sem_chg_pri
                0x02001fa0       0x64 ./mtk3_bsp2/mtkernel/kernel/tkernel/semaphore.o
 .text.sem_rel_wai
                0x02002004        0x8 ./mtk3_bsp2/mtkernel/kernel/tkernel/semaphore.o
 .text.knl_semaphore_initialize
                0x0200200c       0x34 ./mtk3_bsp2/mtkernel/kernel/tkernel/semaphore.o
                0x0200200c                knl_semaphore_initialize
 .text.tk_del_sem
                0x02002040       0x7c ./mtk3_bsp2/mtkernel/kernel/tkernel/semaphore.o
                0x02002040                tk_del_sem
 .text.tk_wai_sem
                0x020020bc      0x128 ./mtk3_bsp2/mtkernel/kernel/tkernel/semaphore.o
                0x020020bc                tk_wai_sem
 .text.knl_task_initialize
                0x020021e4       0x88 ./mtk3_bsp2/mtkernel/kernel/tkernel/task.o
                0x020021e4                knl_task_initialize
 .text.knl_make_dormant
                0x0200226c       0x70 ./mtk3_bsp2/mtkernel/kernel/tkernel/task.o
                0x0200226c                knl_make_dormant
 .text.knl_make_ready
                0x020022dc       0x54 ./mtk3_bsp2/mtkernel/kernel/tkernel/task.o
                0x020022dc                knl_make_ready
 .text.knl_make_non_ready
                0x02002330       0xc0 ./mtk3_bsp2/mtkernel/kernel/tkernel/task.o
                0x02002330                knl_make_non_ready
 .text.tk_cre_tsk
                0x020023f0      0x108 ./mtk3_bsp2/mtkernel/kernel/tkernel/task_manage.o
                0x020023f0                tk_cre_tsk
 .text.tk_sta_tsk
                0x020024f8       0xa8 ./mtk3_bsp2/mtkernel/kernel/tkernel/task_manage.o
                0x020024f8                tk_sta_tsk
 .text.tk_get_tid
                0x020025a0       0x10 ./mtk3_bsp2/mtkernel/kernel/tkernel/task_manage.o
                0x020025a0                tk_get_tid
 .text.tk_slp_tsk
                0x020025b0       0xb0 ./mtk3_bsp2/mtkernel/kernel/tkernel/task_sync.o
                0x020025b0                tk_slp_tsk
 .text.tk_dly_tsk
                0x02002660       0x90 ./mtk3_bsp2/mtkernel/kernel/tkernel/task_sync.o
                0x02002660                tk_dly_tsk
 .text.knl_cyclichandler_initialize
                0x020026f0       0x38 ./mtk3_bsp2/mtkernel/kernel/tkernel/time_calls.o
                0x020026f0                knl_cyclichandler_initialize
 .text.knl_alarmhandler_initialize
                0x02002728       0x34 ./mtk3_bsp2/mtkernel/kernel/tkernel/time_calls.o
                0x02002728                knl_alarmhandler_initialize
 .text.knl_enqueue_tmeb
                0x0200275c       0x44 ./mtk3_bsp2/mtkernel/kernel/tkernel/timer.o
 .text.knl_timer_startup
                0x020027a0       0x48 ./mtk3_bsp2/mtkernel/kernel/tkernel/timer.o
                0x020027a0                knl_timer_startup
 .text.knl_timer_shutdown
                0x020027e8        0xc ./mtk3_bsp2/mtkernel/kernel/tkernel/timer.o
                0x020027e8                knl_timer_shutdown
 .text.knl_timer_insert
                0x020027f4       0x2c ./mtk3_bsp2/mtkernel/kernel/tkernel/timer.o
                0x020027f4                knl_timer_insert
 .text.knl_timer_insert_reltim
                0x02002820       0x20 ./mtk3_bsp2/mtkernel/kernel/tkernel/timer.o
                0x02002820                knl_timer_insert_reltim
 .text.knl_timer_handler
                0x02002840       0x90 ./mtk3_bsp2/mtkernel/kernel/tkernel/timer.o
                0x02002840                knl_timer_handler
 .text.knl_init_object
                0x020028d0       0x54 ./mtk3_bsp2/mtkernel/kernel/tkernel/tkinit.o
                0x020028d0                knl_init_object
 .text.knl_wait_release_tmout
                0x02002924       0x48 ./mtk3_bsp2/mtkernel/kernel/tkernel/wait.o
                0x02002924                knl_wait_release_tmout
 .text.knl_wait_release_ok
                0x0200296c       0x48 ./mtk3_bsp2/mtkernel/kernel/tkernel/wait.o
                0x0200296c                knl_wait_release_ok
 .text.knl_make_wait
                0x020029b4       0x44 ./mtk3_bsp2/mtkernel/kernel/tkernel/wait.o
                0x020029b4                knl_make_wait
 .text.knl_make_wait_reltim
                0x020029f8       0x44 ./mtk3_bsp2/mtkernel/kernel/tkernel/wait.o
                0x020029f8                knl_make_wait_reltim
 .text.knl_wait_delete
                0x02002a3c       0x5c ./mtk3_bsp2/mtkernel/kernel/tkernel/wait.o
                0x02002a3c                knl_wait_delete
 .text.knl_gcb_make_wait
                0x02002a98       0x68 ./mtk3_bsp2/mtkernel/kernel/tkernel/wait.o
                0x02002a98                knl_gcb_make_wait
 .text.knl_gcb_change_priority
                0x02002b00       0x38 ./mtk3_bsp2/mtkernel/kernel/tkernel/wait.o
                0x02002b00                knl_gcb_change_priority
 .text.knl_gcb_top_of_wait_queue
                0x02002b38       0x24 ./mtk3_bsp2/mtkernel/kernel/tkernel/wait.o
                0x02002b38                knl_gcb_top_of_wait_queue
 .text.knl_main
                0x02002b5c       0xac ./mtk3_bsp2/mtkernel/kernel/sysinit/sysinit.o
                0x02002b5c                knl_main
 .text.knl_tkernel_exit
                0x02002c08        0xc ./mtk3_bsp2/mtkernel/kernel/sysinit/sysinit.o
                0x02002c08                knl_tkernel_exit
 .text.init_task_main
                0x02002c14       0x5c ./mtk3_bsp2/mtkernel/kernel/inittask/inittask.o
 .text.task_2   0x02002c70       0x18 ./Application/mtk3_example.o
 .text.task_1   0x02002c88       0x44 ./Application/mtk3_example.o
 .text.usermain
                0x02002ccc       0x6c ./Application/mtk3_example.o
                0x02002ccc                usermain
 .text.memset   0x02002d38       0x10 C:/Program Files (x86)/Arm GNU Toolchain arm-none-eabi/13.2 Rel1/bin/../lib/gcc/arm-none-eabi/13.2.1/thumb/v8-m.main+dp/hard\libg_nano.a(libc_a-memset.o)
                0x02002d38                memset
 .text.memcpy   0x02002d48       0x1a C:/Program Files (x86)/Arm GNU Toolchain arm-none-eabi/13.2 Rel1/bin/../lib/gcc/arm-none-eabi/13.2.1/thumb/v8-m.main+dp/hard\libg_nano.a(libc_a-memcpy-stub.o)
                0x02002d48                memcpy
 *(.version)
 *fill*         0x02002d62        0x2 ff
 .version       0x02002d64       0x50 ./ra/fsp/src/bsp/mcu/all/bsp_common.o
 *(.init)
 .init          0x02002db4        0x4 C:/Program Files (x86)/Arm GNU Toolchain arm-none-eabi/13.2 Rel1/bin/../lib/gcc/arm-none-eabi/13.2.1/thumb/v8-m.main+dp/hard/crti.o
                0x02002db4                _init
 .init          0x02002db8        0x8 C:/Program Files (x86)/Arm GNU Toolchain arm-none-eabi/13.2 Rel1/bin/../lib/gcc/arm-none-eabi/13.2.1/thumb/v8-m.main+dp/hard/crtn.o
 *(.fini)
 .fini          0x02002dc0        0x4 C:/Program Files (x86)/Arm GNU Toolchain arm-none-eabi/13.2 Rel1/bin/../lib/gcc/arm-none-eabi/13.2.1/thumb/v8-m.main+dp/hard/crti.o
                0x02002dc0                _fini
 .fini          0x02002dc4        0x8 C:/Program Files (x86)/Arm GNU Toolchain arm-none-eabi/13.2 Rel1/bin/../lib/gcc/arm-none-eabi/13.2.1/thumb/v8-m.main+dp/hard/crtn.o
 *crtbegin.o(.ctors)
 *crtbegin?.o(.ctors)
 *(EXCLUDE_FILE(*crtend.o *crtend?.o) .ctors)
 *(SORT_BY_NAME(.ctors.*))
 *(.ctors)
 *crtbegin.o(.dtors)
 *crtbegin?.o(.dtors)
 *(EXCLUDE_FILE(*crtend.o *crtend?.o) .dtors)
 *(SORT_BY_NAME(.dtors.*))
 *(.dtors)
 *(.rodata*)
 .rodata.g_bsp_pin_cfg
                0x02002dcc        0xc ./ra_gen/pin_data.o
                0x02002dcc                g_bsp_pin_cfg
 .rodata.g_bsp_pin_cfg_data
                0x02002dd8      0x210 ./ra_gen/pin_data.o
                0x02002dd8                g_bsp_pin_cfg_data
 .rodata.g_vbatt_pins_input
                0x02002fe8        0x6 ./ra/fsp/src/r_ioport/r_ioport.o
 *fill*         0x02002fee        0x2 ff
 .rodata.g_interrupt_event_link_select
                0x02002ff0       0xc0 ./ra/fsp/src/bsp/mcu/all/bsp_irq.o
                0x02002ff0                g_interrupt_event_link_select
 .rodata.g_prcr_masks
                0x020030b0        0x8 ./ra/fsp/src/bsp/mcu/all/bsp_register_protection.o
 .rodata.knl_nmi_handler.str1.4
                0x020030b8      0x26e ./mtk3_bsp2/sysdepend/ra_fsp/cpu/core/armv8m/exc_hdr.o
                                  0x5 (size before relaxing)
 .rodata.knl_hardfault_handler.str1.4
                0x02003326       0x5e ./mtk3_bsp2/sysdepend/ra_fsp/cpu/core/armv8m/exc_hdr.o
 .rodata.knl_memmanage_handler.str1.4
                0x02003326        0xb ./mtk3_bsp2/sysdepend/ra_fsp/cpu/core/armv8m/exc_hdr.o
 .rodata.knl_busfault_handler.str1.4
                0x02003326        0xb ./mtk3_bsp2/sysdepend/ra_fsp/cpu/core/armv8m/exc_hdr.o
 .rodata.knl_usagefault_handler.str1.4
                0x02003326        0xd ./mtk3_bsp2/sysdepend/ra_fsp/cpu/core/armv8m/exc_hdr.o
 .rodata.knl_svcall_handler.str1.4
                0x02003326        0x8 ./mtk3_bsp2/sysdepend/ra_fsp/cpu/core/armv8m/exc_hdr.o
 .rodata.knl_debugmon_handler.str1.4
                0x02003326        0xf ./mtk3_bsp2/sysdepend/ra_fsp/cpu/core/armv8m/exc_hdr.o
 .rodata.knl_restart_hw.str1.4
                0x02003326       0x53 ./mtk3_bsp2/sysdepend/ra_fsp/hw_setting.o
 .rodata.CR.0   0x02003326        0x1 ./mtk3_bsp2/mtkernel/lib/libtm/libtm.o
 .rodata.tm_vsprintf.str1.4
                0x02003327        0xe ./mtk3_bsp2/mtkernel/lib/libtm/libtm_printf.o
 *fill*         0x02003327        0x1 ff
 .rodata.digits.0
                0x02003328       0x20 ./mtk3_bsp2/mtkernel/lib/libtm/libtm_printf.o
 .rodata.knl_initialize_devmgr.str1.4
                0x02003348        0x5 ./mtk3_bsp2/mtkernel/kernel/tkernel/device.o
 .rodata.knl_wspec_flg_tpri
                0x02003348        0xc ./mtk3_bsp2/mtkernel/kernel/tkernel/eventflag.o
 .rodata.knl_wspec_flg_tfifo
                0x02003354        0xc ./mtk3_bsp2/mtkernel/kernel/tkernel/eventflag.o
 .rodata.knl_wspec_sem_tpri
                0x02003360        0xc ./mtk3_bsp2/mtkernel/kernel/tkernel/semaphore.o
 .rodata.knl_wspec_sem_tfifo
                0x0200336c        0xc ./mtk3_bsp2/mtkernel/kernel/tkernel/semaphore.o
 .rodata.knl_wspec_dly
                0x02003378        0xc ./mtk3_bsp2/mtkernel/kernel/tkernel/task_sync.o
 .rodata.knl_wspec_slp
                0x02003384        0xc ./mtk3_bsp2/mtkernel/kernel/tkernel/task_sync.o
 .rodata.knl_main.str1.4
                0x02003390       0xd8 ./mtk3_bsp2/mtkernel/kernel/sysinit/sysinit.o
 .rodata.init_task_main.str1.4
                0x02003390       0x58 ./mtk3_bsp2/mtkernel/kernel/inittask/inittask.o
 .rodata.knl_init_ctsk
                0x02003390       0x18 ./mtk3_bsp2/mtkernel/kernel/inittask/inittask.o
                0x02003390                knl_init_ctsk
 .rodata.task_2.str1.4
                0x020033a8        0x8 ./Application/mtk3_example.o
 .rodata.task_1.str1.4
                0x020033a8        0x8 ./Application/mtk3_example.o
 .rodata.usermain.str1.4
                0x020033a8       0x1a ./Application/mtk3_example.o
                0x020033a8                        __usb_dev_descriptor_start_fs = .
 *(.usb_device_desc_fs*)
                0x020033a8                        __usb_cfg_descriptor_start_fs = .
 *(.usb_config_desc_fs*)
                0x020033a8                        __usb_interface_descriptor_start_fs = .
 *(.usb_interface_desc_fs*)
                0x020033a8                        __usb_descriptor_end_fs = .
                0x020033a8                        __usb_dev_descriptor_start_hs = .
 *(.usb_device_desc_hs*)
                0x020033a8                        __usb_cfg_descriptor_start_hs = .
 *(.usb_config_desc_hs*)
                0x020033a8                        __usb_interface_descriptor_start_hs = .
 *(.usb_interface_desc_hs*)
                0x020033a8                        __usb_descriptor_end_hs = .
 *(.eh_frame*)
 .eh_frame      0x020033a8        0x0 C:/Program Files (x86)/Arm GNU Toolchain arm-none-eabi/13.2 Rel1/bin/../lib/gcc/arm-none-eabi/13.2.1/thumb/v8-m.main+dp/hard/crtbegin.o
 .eh_frame      0x020033a8        0x4 C:/Program Files (x86)/Arm GNU Toolchain arm-none-eabi/13.2 Rel1/bin/../lib/gcc/arm-none-eabi/13.2.1/thumb/v8-m.main+dp/hard/crtend.o
                0x020033ac                        __ROM_End = .
                0x00000040                        __Vectors_Size = (__Vectors_End - __Vectors)

.glue_7         0x020033ac        0x0
 .glue_7        0x020033ac        0x0 linker stubs

.glue_7t        0x020033ac        0x0
 .glue_7t       0x020033ac        0x0 linker stubs

.vfp11_veneer   0x020033ac        0x0
 .vfp11_veneer  0x020033ac        0x0 linker stubs

.v4_bx          0x020033ac        0x0
 .v4_bx         0x020033ac        0x0 linker stubs

.iplt           0x020033ac        0x0
 .iplt          0x020033ac        0x0 C:/Program Files (x86)/Arm GNU Toolchain arm-none-eabi/13.2 Rel1/bin/../lib/gcc/arm-none-eabi/13.2.1/thumb/v8-m.main+dp/hard/crtbegin.o
                0x020033ac                        . = .
                0x020033ac                        __itcm_data_pre_location = .

.itcm_data      0x00000000        0x0 load address 0x020033b0
                0x00000000                        __tz_ITCM_S = ABSOLUTE (ITCM_START)
                0x00000000                        __itcm_data_start = .
 *(.itcm_data*)
                0x00000000                        . = ALIGN (0x8)
                0x00000000                        __itcm_data_end = .
                0x00000000                        __tz_ITCM_N = DEFINED (ITCM_NS_START)?ABSOLUTE (ITCM_NS_START):ALIGN (__itcm_data_end, 0x2000)
                0x020033b0                        __itcm_data_init_start = LOADADDR (.itcm_data)
                0x020033b0                        __itcm_data_init_end = (LOADADDR (.itcm_data) + SIZEOF (.itcm_data))
                0x00000001                        ASSERT (((ORIGIN (ITCM) % 0x8) == 0x0), ITCM memory region origin must be aligned to 8 bytes.)
                0x00000001                        ASSERT (((LENGTH (ITCM) % 0x8) == 0x0), ITCM memory region length must be a multiple of 8 bytes.)
                0x00000001                        ASSERT (((LOADADDR (.itcm_data) % 0x10) == 0x0), .itcm_data section must be aligned to 16 bytes.)
                0x00000001                        ASSERT (((SIZEOF (.itcm_data) % 0x8) == 0x0), .itcm_data section size must be a multiple of 8 bytes.)
                0x020033ac                        . = (SIZEOF (.itcm_data) > 0x0)?__itcm_data_init_end:__itcm_data_pre_location
                0x020033ac                        __exidx_start = .

/DISCARD/
 *(.ARM.extab* .gnu.linkonce.armextab.*)
 *(.ARM.exidx* .gnu.linkonce.armexidx.*)
                0x020033ac                        __exidx_end = .
                0x020033ac                        __etext = .
                0x22000000                        __tz_RAM_S = ORIGIN (RAM)

.fsp_dtc_vector_table
                0x22000000        0x0
                0x22000000                        . = ORIGIN (RAM)
 *(.fsp_dtc_vector_table)

.data           0x22000000       0x38 load address 0x020033ac
                0x22000000                        __data_start__ = .
                0x22000000                        . = ALIGN (0x4)
                0x22000000                        __Code_In_RAM_Start = .
 *(.code_in_ram*)
                0x22000000                        __Code_In_RAM_End = .
 *(vtable)
 *(.data.*)
 .data.ctsk_2   0x22000000       0x18 ./Application/mtk3_example.o
 .data.ctsk_1   0x22000018       0x18 ./Application/mtk3_example.o
 *(.data)
                0x22000030                        . = ALIGN (0x4)
                0x22000030                        PROVIDE (__preinit_array_start = .)
 *(.preinit_array)
                0x22000030                        PROVIDE (__preinit_array_end = .)
                0x22000030                        . = ALIGN (0x4)
                0x22000030                        PROVIDE (__init_array_start = .)
 *(SORT_BY_NAME(.init_array.*))
 *(.init_array)
 .init_array    0x22000030        0x4 C:/Program Files (x86)/Arm GNU Toolchain arm-none-eabi/13.2 Rel1/bin/../lib/gcc/arm-none-eabi/13.2.1/thumb/v8-m.main+dp/hard/crtbegin.o
                0x22000034                        PROVIDE (__init_array_end = .)
                0x22000034                        . = ALIGN (0x4)
                [!provide]                        PROVIDE (__fini_array_start = .)
 *(SORT_BY_NAME(.fini_array.*))
 *(.fini_array)
 .fini_array    0x22000034        0x4 C:/Program Files (x86)/Arm GNU Toolchain arm-none-eabi/13.2 Rel1/bin/../lib/gcc/arm-none-eabi/13.2.1/thumb/v8-m.main+dp/hard/crtbegin.o
                [!provide]                        PROVIDE (__fini_array_end = .)
 *(.jcr*)
                0x22000038                        . = ALIGN (0x4)
                0x22000038                        __data_end__ = .

.tm_clone_table
                0x22000038        0x0 load address 0x020033e4
 .tm_clone_table
                0x22000038        0x0 C:/Program Files (x86)/Arm GNU Toolchain arm-none-eabi/13.2 Rel1/bin/../lib/gcc/arm-none-eabi/13.2.1/thumb/v8-m.main+dp/hard/crtbegin.o
 .tm_clone_table
                0x22000038        0x0 C:/Program Files (x86)/Arm GNU Toolchain arm-none-eabi/13.2 Rel1/bin/../lib/gcc/arm-none-eabi/13.2.1/thumb/v8-m.main+dp/hard/crtend.o

.igot.plt       0x22000038        0x0 load address 0x020033e4
 .igot.plt      0x22000038        0x0 C:/Program Files (x86)/Arm GNU Toolchain arm-none-eabi/13.2 Rel1/bin/../lib/gcc/arm-none-eabi/13.2.1/thumb/v8-m.main+dp/hard/crtbegin.o

.mtk_exctbl     0x22000100      0x700 load address 0x020033e4
 .mtk_exctbl    0x22000100      0x700 ./mtk3_bsp2/sysdepend/ra_fsp/cpu/core/armv8m/sys_start.o
                0x22000100                knl_exctbl
                0x22000800                        . = .
                0x020033e4                        __dtcm_data_pre_location = (LOADADDR (.data) + SIZEOF (.data))

.dtcm_data      0x20000000        0x0 load address 0x02003af0
                0x20000000                        __tz_DTCM_S = ABSOLUTE (DTCM_START)
                0x20000000                        __dtcm_data_start = .
 *(.dtcm_data*)
                0x20000000                        . = ALIGN (0x8)
                0x20000000                        __dtcm_data_end = .
                0x20000000                        . = __dtcm_data_end

.dtcm_bss       0x20000000        0x0
                0x20000000                        __dtcm_bss_start = .
 *(.dtcm_bss*)
                0x20000000                        . = ALIGN (0x8)
                0x20000000                        __dtcm_bss_end = .
                0x20000000                        __tz_DTCM_N = DEFINED (DTCM_NS_START)?ABSOLUTE (DTCM_NS_START):ALIGN (__dtcm_bss_end, 0x2000)
                0x02003af0                        __dtcm_data_init_start = LOADADDR (.dtcm_data)
                0x02003af0                        __dtcm_data_init_end = (LOADADDR (.dtcm_data) + SIZEOF (.dtcm_data))
                0x00000001                        ASSERT (((ORIGIN (DTCM) % 0x8) == 0x0), DTCM memory region origin must be aligned to 8 bytes.)
                0x00000001                        ASSERT (((LENGTH (DTCM) % 0x8) == 0x0), DTCM memory region length must be a multiple of 8 bytes.)
                0x00000001                        ASSERT ((LOADADDR (.dtcm_bss) == ADDR (.dtcm_bss)), .dtcm_bss has (VMA != LMA) but should be NOLOAD (VMA == LMA).)
                0x00000001                        ASSERT (((LOADADDR (.dtcm_data) % 0x10) == 0x0), .dtcm_data section must be aligned to 16 bytes.)
                0x00000001                        ASSERT (((SIZEOF (.dtcm_data) % 0x8) == 0x0), .dtcm_data section size must be a multiple of 8 bytes.)
                0x00000001                        ASSERT (((LOADADDR (.dtcm_bss) % 0x8) == 0x0), .dtcm_bss section must be aligned to 8 bytes.)
                0x00000001                        ASSERT (((SIZEOF (.dtcm_bss) % 0x8) == 0x0), .dtcm_bss section size must be a multiple of 8 bytes.)
                0x00000001                        ASSERT ((__dtcm_bss_start == __dtcm_data_end), .dtcm_bss section is not adjacent to .dtcm_data section.)
                0x020033e4                        . = (SIZEOF (.dtcm_data) > 0x0)?__dtcm_data_init_end:__dtcm_data_pre_location
                0x020033e4                        sgstubs_pre_location = .
                0x02003400                        SGSTUBS_LOC = (DEFINED (PROJECT_SECURE) && DEFINED (FLASH_NSC_START))?ABSOLUTE (FLASH_NSC_START):ALIGN (0x400)

.gnu.sgstubs    0x02003400        0x0
                0x02003400                        __FLASH_NSC_START = DEFINED (FLASH_NSC_START)?ABSOLUTE (FLASH_NSC_START):__RESERVE_NS_RAM?ABSOLUTE ((FLASH_START + FLASH_LENGTH)):ALIGN (0x400)
                0x02003400                        _start_sg = .
 *(.gnu.sgstubs*)
                0x02003400                        . = ALIGN (0x20)
                0x02003400                        _end_sg = .
                0x02008000                        __tz_FLASH_N = DEFINED (FLASH_NS_START)?ABSOLUTE (FLASH_NS_START):__RESERVE_NS_RAM?ABSOLUTE ((FLASH_START + FLASH_LENGTH)):(FLASH_LENGTH < 0x8000)?FLASH_LENGTH:ALIGN (0x8000)
                0x02008000                        FLASH_NS_IMAGE_START = DEFINED (FLASH_NS_IMAGE_START)?FLASH_NS_IMAGE_START:__tz_FLASH_N
                0x60000000                        __tz_QSPI_FLASH_S = ORIGIN (QSPI_FLASH)

.qspi_flash     0x60000000        0x0
                0x60000000                        __qspi_flash_start__ = .
 *(.qspi_flash*)
 *(.code_in_qspi*)
                0x60000000                        __qspi_flash_end__ = .
                0x00000000                        __qspi_flash_code_size__ = (__qspi_flash_end__ - __qspi_flash_start__)
                0x020033e4                        __qspi_flash_code_addr__ = sgstubs_pre_location

.qspi_non_retentive
                0x60000000        0x0 load address 0x020033e4
                0x60000000                        __qspi_non_retentive_start__ = .
 *(.qspi_non_retentive*)
                0x60000000                        __qspi_non_retentive_end__ = .
                0x00000000                        __qspi_non_retentive_size__ = (__qspi_non_retentive_end__ - __qspi_non_retentive_start__)
                0x04000000                        __qspi_region_max_size__ = 0x4000000
                0x60000000                        __qspi_region_start_address__ = __qspi_flash_start__
                0x64000000                        __qspi_region_end_address__ = (__qspi_flash_start__ + __qspi_region_max_size__)
                0x60000000                        __tz_QSPI_FLASH_N = __qspi_non_retentive_end__

.OSPI_DEVICE_0_NO_LOAD
                0x80000000        0x0
                0x80000000                        . = ALIGN (0x4)
                0x80000000                        __ospi_device_0_start__ = .
 *(.ospi_device_0_no_load*)
                0x80000000                        . = ALIGN (0x4)
                0x80000000                        __ospi_device_0_end__ = .

.OSPI_DEVICE_1_NO_LOAD
                0x90000000        0x0
                0x90000000                        . = ALIGN (0x4)
                0x90000000                        __ospi_device_1_start__ = .
 *(.ospi_device_1_no_load*)
                0x90000000                        . = ALIGN (0x4)
                0x90000000                        __ospi_device_1_end__ = .
                0x80000000                        __tz_OSPI_DEVICE_0_S = ORIGIN (OSPI_DEVICE_0)

.OSPI_DEVICE_0  0x80000000        0x0
                0x80000000                        __ospi_device_0_start__ = .
 *(.ospi_device_0*)
 *(.code_in_ospi_device_0*)
                0x80000000                        __ospi_device_0_end__ = .
                0x00000000                        __ospi_device_0_code_size__ = (__ospi_device_0_end__ - __ospi_device_0_start__)
                0x020033e4                        __ospi_device_0_code_addr__ = (sgstubs_pre_location + SIZEOF (.qspi_non_retentive))

.ospi_device_0_non_retentive
                0x80000000        0x0 load address 0x020033e4
                0x80000000                        __ospi_device_0_non_retentive_start__ = .
 *(.ospi_device_0_non_retentive*)
                0x80000000                        __ospi_device_0_non_retentive_end__ = .
                0x00000000                        __ospi_device_0_non_retentive_size__ = (__ospi_device_0_non_retentive_end__ - __ospi_device_0_non_retentive_start__)
                0x08000000                        __ospi_device_0_region_max_size__ = 0x8000000
                0x80000000                        __ospi_device_0_region_start_address__ = __ospi_device_0_start__
                0x88000000                        __ospi_device_0_region_end_address__ = (__ospi_device_0_start__ + __ospi_device_0_region_max_size__)
                0x80000000                        __tz_OSPI_DEVICE_0_N = __ospi_device_0_non_retentive_end__
                0x90000000                        __tz_OSPI_DEVICE_1_S = ORIGIN (OSPI_DEVICE_1)

.OSPI_DEVICE_1  0x90000000        0x0
                0x90000000                        __ospi_device_1_start__ = .
 *(.ospi_device_1*)
 *(.code_in_ospi_device_1*)
                0x90000000                        __ospi_device_1_end__ = .
                0x00000000                        __ospi_device_1_code_size__ = (__ospi_device_1_end__ - __ospi_device_1_start__)
                0x020033e4                        __ospi_device_1_code_addr__ = (sgstubs_pre_location + (SIZEOF (.qspi_non_retentive) + SIZEOF (.ospi_device_0_non_retentive)))

.ospi_device_1_non_retentive
                0x90000000        0x0 load address 0x020033e4
                0x90000000                        __ospi_device_1_non_retentive_start__ = .
 *(.ospi_device_1_non_retentive*)
                0x90000000                        __ospi_device_1_non_retentive_end__ = .
                0x00000000                        __ospi_device_1_non_retentive_size__ = (__ospi_device_1_non_retentive_end__ - __ospi_device_1_non_retentive_start__)
                0x10000000                        __ospi_device_1_region_max_size__ = 0x10000000
                0x90000000                        __ospi_device_1_region_start_address__ = __ospi_device_1_start__
                0xa0000000                        __ospi_device_1_region_end_address__ = (__ospi_device_1_start__ + __ospi_device_1_region_max_size__)
                0x90000000                        __tz_OSPI_DEVICE_1_N = __ospi_device_1_non_retentive_end__

.noinit         0x22000800     0x2408
                0x22000800                        . = ALIGN (0x4)
                0x22000800                        __noinit_start = .
 *(.noinit*)
 .noinit        0x22000800       0x2c ./ra/fsp/src/bsp/mcu/all/bsp_clocks.o
 .noinit        0x2200082c      0x264 ./mtk3_bsp2/mtkernel/kernel/tkernel/device.o
                0x2200082c                knl_FreeDevCB
                0x22000834                knl_UsedDevCB
                0x2200083c                knl_DevCBtbl
                0x22000a7c                knl_DefaultIDev
                0x22000a80                knl_DevMgrLock
 .noinit        0x22000a90      0x75c ./mtk3_bsp2/mtkernel/kernel/tkernel/deviceio.o
                0x22000a90                knl_resource_control_block
                0x22000a9c                knl_FreeReqCB
                0x22000aa4                knl_ReqCBtbl
                0x22000de4                knl_FreeOpnCB
                0x22000dec                knl_OpnCBtbl
 .noinit        0x220011ec      0x188 ./mtk3_bsp2/mtkernel/kernel/tkernel/eventflag.o
                0x220011ec                knl_free_flgcb
                0x220011f4                knl_flgcb_table
 .noinit        0x22001374       0xe8 ./mtk3_bsp2/mtkernel/kernel/tkernel/mailbox.o
                0x22001374                knl_free_mbxcb
                0x2200137c                knl_mbxcb_table
 .noinit        0x2200145c        0x4 ./mtk3_bsp2/mtkernel/kernel/tkernel/memory.o
                0x2200145c                knl_imacb
 .noinit        0x22001460      0x1c8 ./mtk3_bsp2/mtkernel/kernel/tkernel/mempfix.o
                0x22001460                knl_free_mpfcb
                0x22001468                knl_mpfcb_table
 .noinit        0x22001628       0xd8 ./mtk3_bsp2/mtkernel/kernel/tkernel/mempool.o
                0x22001628                knl_free_mplcb
                0x22001630                knl_mplcb_table
 .noinit        0x22001700      0x1a8 ./mtk3_bsp2/mtkernel/kernel/tkernel/messagebuf.o
                0x22001700                knl_free_mbfcb
                0x22001708                knl_mbfcb_table
 .noinit        0x220018a8       0x88 ./mtk3_bsp2/mtkernel/kernel/tkernel/mutex.o
                0x220018a8                knl_free_mtxcb
                0x220018b0                knl_mtxcb_table
 .noinit        0x22001930      0x1c8 ./mtk3_bsp2/mtkernel/kernel/tkernel/semaphore.o
                0x22001930                knl_free_semcb
                0x22001938                knl_semcb_table
 .noinit        0x22001af8      0xf24 ./mtk3_bsp2/mtkernel/kernel/tkernel/task.o
                0x22001af8                knl_free_tcb
                0x22001b00                knl_tcb_table
                0x22002900                knl_ready_queue
                0x22002a10                knl_schedtsk
                0x22002a14                knl_ctxtsk
                0x22002a18                knl_dispatch_disabled
 .noinit        0x22002a1c      0x1d0 ./mtk3_bsp2/mtkernel/kernel/tkernel/time_calls.o
                0x22002a1c                knl_free_almcb
                0x22002a24                knl_almcb_table
                0x22002b44                knl_free_cyccb
                0x22002b4c                knl_cyccb_table
 *fill*         0x22002bec        0x4 
 .noinit        0x22002bf0       0x18 ./mtk3_bsp2/mtkernel/kernel/tkernel/timer.o
                0x22002bf0                knl_timer_queue
                0x22002bf8                knl_real_time_ofs
                0x22002c00                knl_current_time
                0x22002c08                        . = ALIGN (0x8)
 *(.heap.*)
                0x22002c08                        __noinit_end = .
                0x22002c08                        . = .
                0x22002c08                        __nocache_pre_location = .

.nocache        0x22002c20        0x0
                0x22002c20                        __nocache_start = .
 *(.nocache)
                0x22002c20                        . = ALIGN (0x20)
                0x22002c20                        __nocache_end = .
                0x22002c08                        . = (SIZEOF (.nocache) > 0x0)?__nocache_end:__nocache_pre_location

.bss            0x22002c08      0x19c
                0x22002c08                        . = ALIGN (0x4)
                0x22002c08                        __bss_start__ = .
 *(.bss*)
 .bss.completed.1
                0x22002c08        0x1 C:/Program Files (x86)/Arm GNU Toolchain arm-none-eabi/13.2 Rel1/bin/../lib/gcc/arm-none-eabi/13.2.1/thumb/v8-m.main+dp/hard/crtbegin.o
 *fill*         0x22002c09        0x3 
 .bss.object.0  0x22002c0c       0x18 C:/Program Files (x86)/Arm GNU Toolchain arm-none-eabi/13.2 Rel1/bin/../lib/gcc/arm-none-eabi/13.2.1/thumb/v8-m.main+dp/hard/crtbegin.o
 .bss.g_ioport_ctrl
                0x22002c24        0x8 ./ra_gen/common_data.o
                0x22002c24                g_ioport_ctrl
 *fill*         0x22002c2c        0x4 
 .bss.g_bsp_group_irq_sources
                0x22002c30       0x40 ./ra/fsp/src/bsp/mcu/all/bsp_group_irq.o
                0x22002c30                g_bsp_group_irq_sources
 .bss.g_protect_pfswe_counter
                0x22002c70        0x4 ./ra/fsp/src/bsp/mcu/all/bsp_io.o
                0x22002c70                g_protect_pfswe_counter
 .bss.g_protect_counters
                0x22002c74        0x8 ./ra/fsp/src/bsp/mcu/all/bsp_register_protection.o
                0x22002c74                g_protect_counters
 .bss.SystemCoreClock
                0x22002c7c        0x4 ./ra/fsp/src/bsp/cmsis/Device/RENESAS/Source/system.o
                0x22002c7c                SystemCoreClock
 .bss.knl_taskindp
                0x22002c80        0x4 ./mtk3_bsp2/sysdepend/ra_fsp/cpu/core/armv8m/cpu_cntl.o
                0x22002c80                knl_taskindp
 *fill*         0x22002c84        0x4 
 .bss.knl_tmp_stack
                0x22002c88      0x100 ./mtk3_bsp2/sysdepend/ra_fsp/cpu/core/armv8m/cpu_cntl.o
                0x22002c88                knl_tmp_stack
 .bss.knl_sysmem_end
                0x22002d88        0x4 ./mtk3_bsp2/sysdepend/ra_fsp/cpu/core/armv8m/sys_start.o
                0x22002d88                knl_sysmem_end
 .bss.knl_sysmem_top
                0x22002d8c        0x4 ./mtk3_bsp2/sysdepend/ra_fsp/cpu/core/armv8m/sys_start.o
                0x22002d8c                knl_sysmem_top
 .bss.knl_lowmem_limit
                0x22002d90        0x4 ./mtk3_bsp2/sysdepend/ra_fsp/cpu/core/armv8m/sys_start.o
                0x22002d90                knl_lowmem_limit
 .bss.knl_lowmem_top
                0x22002d94        0x4 ./mtk3_bsp2/sysdepend/ra_fsp/cpu/core/armv8m/sys_start.o
                0x22002d94                knl_lowmem_top
 .bss.knl_exctbl_o
                0x22002d98        0x4 ./mtk3_bsp2/sysdepend/ra_fsp/cpu/core/armv8m/sys_start.o
                0x22002d98                knl_exctbl_o
 .bss.knl_DisSusCnt
                0x22002d9c        0x4 ./mtk3_bsp2/mtkernel/kernel/tkernel/deviceio.o
                0x22002d9c                knl_DisSusCnt
 .bss.knl_lowpow_discnt
                0x22002da0        0x4 ./mtk3_bsp2/mtkernel/kernel/tkernel/power.o
                0x22002da0                knl_lowpow_discnt
 *(COMMON)
                0x22002da4                        . = ALIGN (0x4)
                0x22002da4                        __bss_end__ = .

.heap           0x22002da4        0x4
                0x22002da8                        . = ALIGN (0x8)
 *fill*         0x22002da4        0x4 
                0x22002da8                        __HeapBase = .
 *(.heap)
                0x22002da8                        __HeapLimit = .

.stack_dummy    0x22002da8      0x400
                0x22002da8                        . = ALIGN (0x8)
                0x22002da8                        __StackLimit = .
 *(.stack)
 .stack         0x22002da8      0x400 ./ra/fsp/src/bsp/cmsis/Device/RENESAS/Source/startup.o
                0x220031a8                        __StackTop = .
 *(.stack*)
                0x220031a8                        __StackTopAll = .
                0x220031a8                        PROVIDE (__stack = __StackTopAll)
                0x220031a8                        __RAM_segment_used_end__ = ALIGN (__StackTopAll, 0x4)
                0x22003400                        __RAM_NSC_START = DEFINED (RAM_NSC_START)?ABSOLUTE ((RAM_NSC_START - RAM_NS_BUFFER_BLOCK_LENGTH)):__RESERVE_NS_RAM?ABSOLUTE (RAM_NS_BUFFER_BLOCK_START):ALIGN (__RAM_segment_used_end__, 0x400)
                0x22004000                        __tz_RAM_N = DEFINED (FLASH_BOOTLOADER_LENGTH)?((RAM_START + RAM_LENGTH) - RAM_APPLICATION_NS_LENGTH):DEFINED (RAM_NS_START)?ABSOLUTE ((RAM_NS_START - RAM_NS_BUFFER_BLOCK_LENGTH)):__RESERVE_NS_RAM?ABSOLUTE (RAM_NS_BUFFER_BLOCK_START):ALIGN (__RAM_NSC_START, 0x2000)

.ns_buffer      0x220031a8        0x0
                0x220031a8                        . = __RESERVE_NS_RAM?ABSOLUTE ((RAM_NS_BUFFER_START & 0xffffffe0)):.
 *(.ns_buffer*)

.data_flash     0x27000000        0x0
                0x27000000                        . = ORIGIN (DATA_FLASH)
                0x27000000                        __tz_DATA_FLASH_S = .
                0x27000000                        __Data_Flash_Start = .
 *(.data_flash*)
                0x27000000                        __Data_Flash_End = .
                0x27000000                        __tz_DATA_FLASH_N = DEFINED (DATA_FLASH_NS_START)?ABSOLUTE (DATA_FLASH_NS_START):__RESERVE_NS_RAM?ABSOLUTE ((DATA_FLASH_START + DATA_FLASH_LENGTH)):ALIGN (0x400)
                0x68000000                        __tz_SDRAM_S = ORIGIN (SDRAM)

.sdram          0x68000000        0x0
                0x68000000                        __SDRAM_Start = .
 *(.sdram*)
 *(.frame*)
                0x68000000                        __SDRAM_End = .
                0x68000000                        . = .
                0x68000000                        __nocache_sdram_pre_location = .

.nocache_sdram  0x68000000        0x0
                0x68000000                        __nocache_sdram_start = .
 *(.nocache_sdram)
                0x68000000                        . = ALIGN (0x20)
                0x68000000                        __nocache_sdram_end = .
                0x68000000                        . = (SIZEOF (.nocache_sdram) > 0x0)?__nocache_sdram_end:__nocache_sdram_pre_location
                0x68000000                        __tz_SDRAM_N = __SDRAM_End
                0x00000000                        __tz_ID_CODE_S = ORIGIN (ID_CODE)
                0x00000000                        __tz_ID_CODE_N = __tz_ID_CODE_S

.id_code        0x00000000        0x0
                0x00000000                        __ID_Code_Start = .
 *(.id_code*)
                0x00000000                        __ID_Code_End = .
                0x0300a100                        __tz_OPTION_SETTING_S = ORIGIN (OPTION_SETTING_OFS)

.option_setting_ofs
                0x0300a100       0x14
                0x0300a100                        __OPTION_SETTING_OFS_Start = .
 *(.option_setting_ofs0)
 .option_setting_ofs0
                0x0300a100        0x4 ./ra/fsp/src/bsp/mcu/all/bsp_rom_registers.o
                0x0300a104                        . = PROJECT_SECURE_OR_FLAT?(__OPTION_SETTING_OFS_Start + 0x4):__OPTION_SETTING_OFS_Start
 *(.option_setting_ofs2)
 .option_setting_ofs2
                0x0300a104        0x4 ./ra/fsp/src/bsp/mcu/all/bsp_rom_registers.o
                0x0300a110                        . = PROJECT_SECURE_OR_FLAT?(__OPTION_SETTING_OFS_Start + 0x10):__OPTION_SETTING_OFS_Start
 *fill*         0x0300a108        0x8 ff
 *(.option_setting_dualsel)
 .option_setting_dualsel
                0x0300a110        0x4 ./ra/fsp/src/bsp/mcu/all/bsp_rom_registers.o
                0x0300a114                        __OPTION_SETTING_OFS_End = .

.option_setting_sas
                0x0300a134        0x4
                0x0300a134                        __OPTION_SETTING_SAS_Start = .
 *(.option_setting_sas)
 .option_setting_sas
                0x0300a134        0x4 ./ra/fsp/src/bsp/mcu/all/bsp_rom_registers.o
                0x0300a138                        __OPTION_SETTING_SAS_End = .
                0x0300a180                        __tz_OPTION_SETTING_N = ABSOLUTE (OPTION_SETTING_START_NS)

.option_setting_ns
                0x0300a100        0x0
                0x0300a100                        __OPTION_SETTING_NS_Start = .
 *(.option_setting_ofs1)
                0x0300a100                        . = USE_OPTION_SETTING_NS?(__OPTION_SETTING_NS_Start + 0x4):__OPTION_SETTING_NS_Start
 *(.option_setting_ofs3)
                0x0300a100                        . = USE_OPTION_SETTING_NS?(__OPTION_SETTING_NS_Start + 0x10):__OPTION_SETTING_NS_Start
 *(.option_setting_banksel)
                0x0300a100                        . = USE_OPTION_SETTING_NS?(__OPTION_SETTING_NS_Start + 0x40):__OPTION_SETTING_NS_Start
 *(.option_setting_bps0)
                0x0300a100                        . = USE_OPTION_SETTING_NS?(__OPTION_SETTING_NS_Start + 0x44):__OPTION_SETTING_NS_Start
 *(.option_setting_bps1)
                0x0300a100                        . = USE_OPTION_SETTING_NS?(__OPTION_SETTING_NS_Start + 0x48):__OPTION_SETTING_NS_Start
 *(.option_setting_bps2)
                0x0300a100                        . = USE_OPTION_SETTING_NS?(__OPTION_SETTING_NS_Start + 0x4c):__OPTION_SETTING_NS_Start
 *(.option_setting_bps3)
                0x0300a100                        . = USE_OPTION_SETTING_NS?(__OPTION_SETTING_NS_Start + 0x60):__OPTION_SETTING_NS_Start
 *(.option_setting_pbps0)
                0x0300a100                        . = USE_OPTION_SETTING_NS?(__OPTION_SETTING_NS_Start + 0x64):__OPTION_SETTING_NS_Start
 *(.option_setting_pbps1)
                0x0300a100                        . = USE_OPTION_SETTING_NS?(__OPTION_SETTING_NS_Start + 0x68):__OPTION_SETTING_NS_Start
 *(.option_setting_pbps2)
                0x0300a100                        . = USE_OPTION_SETTING_NS?(__OPTION_SETTING_NS_Start + 0x6c):__OPTION_SETTING_NS_Start
 *(.option_setting_pbps3)
                0x0300a100                        __OPTION_SETTING_NS_End = .
                0x0300a200                        __tz_OPTION_SETTING_S_S = ORIGIN (OPTION_SETTING_S)

.option_setting_s
                0x0300a200       0xd0
                0x0300a200                        __OPTION_SETTING_S_Start = .
 *(.option_setting_ofs1_sec)
 .option_setting_ofs1_sec
                0x0300a200        0x4 ./ra/fsp/src/bsp/mcu/all/bsp_rom_registers.o
                0x0300a204                        . = PROJECT_SECURE_OR_FLAT?(__OPTION_SETTING_S_Start + 0x4):__OPTION_SETTING_S_Start
 *(.option_setting_ofs3_sec)
                0x0300a210                        . = PROJECT_SECURE_OR_FLAT?(__OPTION_SETTING_S_Start + 0x10):__OPTION_SETTING_S_Start
 *fill*         0x0300a204        0xc ff
 *(.option_setting_banksel_sec)
 .option_setting_banksel_sec
                0x0300a210        0x4 ./ra/fsp/src/bsp/mcu/all/bsp_rom_registers.o
                0x0300a240                        . = PROJECT_SECURE_OR_FLAT?(__OPTION_SETTING_S_Start + 0x40):__OPTION_SETTING_S_Start
 *fill*         0x0300a214       0x2c ff
 *(.option_setting_bps_sec0)
 .option_setting_bps_sec0
                0x0300a240        0x4 ./ra/fsp/src/bsp/mcu/all/bsp_rom_registers.o
                0x0300a244                        . = PROJECT_SECURE_OR_FLAT?(__OPTION_SETTING_S_Start + 0x44):__OPTION_SETTING_S_Start
 *(.option_setting_bps_sec1)
 .option_setting_bps_sec1
                0x0300a244        0x4 ./ra/fsp/src/bsp/mcu/all/bsp_rom_registers.o
                0x0300a248                        . = PROJECT_SECURE_OR_FLAT?(__OPTION_SETTING_S_Start + 0x48):__OPTION_SETTING_S_Start
 *(.option_setting_bps_sec2)
 .option_setting_bps_sec2
                0x0300a248        0x4 ./ra/fsp/src/bsp/mcu/all/bsp_rom_registers.o
                0x0300a24c                        . = PROJECT_SECURE_OR_FLAT?(__OPTION_SETTING_S_Start + 0x4c):__OPTION_SETTING_S_Start
 *(.option_setting_bps_sec3)
 .option_setting_bps_sec3
                0x0300a24c        0x4 ./ra/fsp/src/bsp/mcu/all/bsp_rom_registers.o
                0x0300a260                        . = PROJECT_SECURE_OR_FLAT?(__OPTION_SETTING_S_Start + 0x60):__OPTION_SETTING_S_Start
 *fill*         0x0300a250       0x10 ff
 *(.option_setting_pbps_sec0)
 .option_setting_pbps_sec0
                0x0300a260        0x4 ./ra/fsp/src/bsp/mcu/all/bsp_rom_registers.o
                0x0300a264                        . = PROJECT_SECURE_OR_FLAT?(__OPTION_SETTING_S_Start + 0x64):__OPTION_SETTING_S_Start
 *(.option_setting_pbps_sec1)
 .option_setting_pbps_sec1
                0x0300a264        0x4 ./ra/fsp/src/bsp/mcu/all/bsp_rom_registers.o
                0x0300a268                        . = PROJECT_SECURE_OR_FLAT?(__OPTION_SETTING_S_Start + 0x68):__OPTION_SETTING_S_Start
 *(.option_setting_pbps_sec2)
 .option_setting_pbps_sec2
                0x0300a268        0x4 ./ra/fsp/src/bsp/mcu/all/bsp_rom_registers.o
                0x0300a26c                        . = PROJECT_SECURE_OR_FLAT?(__OPTION_SETTING_S_Start + 0x6c):__OPTION_SETTING_S_Start
 *(.option_setting_pbps_sec3)
 .option_setting_pbps_sec3
                0x0300a26c        0x4 ./ra/fsp/src/bsp/mcu/all/bsp_rom_registers.o
                0x0300a280                        . = PROJECT_SECURE_OR_FLAT?(__OPTION_SETTING_S_Start + 0x80):__OPTION_SETTING_S_Start
 *fill*         0x0300a270       0x10 ff
 *(.option_setting_ofs1_sel)
 .option_setting_ofs1_sel
                0x0300a280        0x4 ./ra/fsp/src/bsp/mcu/all/bsp_rom_registers.o
                0x0300a284                        . = PROJECT_SECURE_OR_FLAT?(__OPTION_SETTING_S_Start + 0x84):__OPTION_SETTING_S_Start
 *(.option_setting_ofs3_sel)
                0x0300a290                        . = PROJECT_SECURE_OR_FLAT?(__OPTION_SETTING_S_Start + 0x90):__OPTION_SETTING_S_Start
 *fill*         0x0300a284        0xc ff
 *(.option_setting_banksel_sel)
 .option_setting_banksel_sel
                0x0300a290        0x4 ./ra/fsp/src/bsp/mcu/all/bsp_rom_registers.o
                0x0300a2c0                        . = PROJECT_SECURE_OR_FLAT?(__OPTION_SETTING_S_Start + 0xc0):__OPTION_SETTING_S_Start
 *fill*         0x0300a294       0x2c ff
 *(.option_setting_bps_sel0)
 .option_setting_bps_sel0
                0x0300a2c0        0x4 ./ra/fsp/src/bsp/mcu/all/bsp_rom_registers.o
                0x0300a2c4                        . = PROJECT_SECURE_OR_FLAT?(__OPTION_SETTING_S_Start + 0xc4):__OPTION_SETTING_S_Start
 *(.option_setting_bps_sel1)
 .option_setting_bps_sel1
                0x0300a2c4        0x4 ./ra/fsp/src/bsp/mcu/all/bsp_rom_registers.o
                0x0300a2c8                        . = PROJECT_SECURE_OR_FLAT?(__OPTION_SETTING_S_Start + 0xc8):__OPTION_SETTING_S_Start
 *(.option_setting_bps_sel2)
 .option_setting_bps_sel2
                0x0300a2c8        0x4 ./ra/fsp/src/bsp/mcu/all/bsp_rom_registers.o
                0x0300a2cc                        . = PROJECT_SECURE_OR_FLAT?(__OPTION_SETTING_S_Start + 0xcc):__OPTION_SETTING_S_Start
 *(.option_setting_bps_sel3)
 .option_setting_bps_sel3
                0x0300a2cc        0x4 ./ra/fsp/src/bsp/mcu/all/bsp_rom_registers.o
                0x0300a2d0                        __OPTION_SETTING_S_End = .
                0x0300a2d0                        __tz_OPTION_SETTING_S_N = __OPTION_SETTING_S_End
                0x27030080                        __tz_OPTION_SETTING_DATA_FLASH_S_S = ORIGIN (OPTION_SETTING_DATA_FLASH_S)

.option_setting_data_flash_s
                0x27030080      0x2e0
                0x27030080                        __OPTION_SETTING_DATA_FLASH_S_Start = .
 *(.option_setting_data_flash_fsblctrl0)
 .option_setting_data_flash_fsblctrl0
                0x27030080        0x4 ./ra/fsp/src/bsp/mcu/all/bsp_rom_registers.o
                0x27030084                        . = USE_OPTION_SETTING_DATA_FLASH?(__OPTION_SETTING_DATA_FLASH_S_Start + 0x4):__OPTION_SETTING_DATA_FLASH_S_Start
 *(.option_setting_data_flash_fsblctrl1)
 .option_setting_data_flash_fsblctrl1
                0x27030084        0x4 ./ra/fsp/src/bsp/mcu/all/bsp_rom_registers.o
                0x27030088                        . = USE_OPTION_SETTING_DATA_FLASH?(__OPTION_SETTING_DATA_FLASH_S_Start + 0x8):__OPTION_SETTING_DATA_FLASH_S_Start
 *(.option_setting_data_flash_fsblctrl2)
 .option_setting_data_flash_fsblctrl2
                0x27030088        0x4 ./ra/fsp/src/bsp/mcu/all/bsp_rom_registers.o
                0x2703008c                        . = USE_OPTION_SETTING_DATA_FLASH?(__OPTION_SETTING_DATA_FLASH_S_Start + 0xc):__OPTION_SETTING_DATA_FLASH_S_Start
 *(.option_setting_data_flash_sacc0)
 .option_setting_data_flash_sacc0
                0x2703008c        0x4 ./ra/fsp/src/bsp/mcu/all/bsp_rom_registers.o
                0x27030090                        . = USE_OPTION_SETTING_DATA_FLASH?(__OPTION_SETTING_DATA_FLASH_S_Start + 0x10):__OPTION_SETTING_DATA_FLASH_S_Start
 *(.option_setting_data_flash_sacc1)
 .option_setting_data_flash_sacc1
                0x27030090        0x4 ./ra/fsp/src/bsp/mcu/all/bsp_rom_registers.o
                0x27030094                        . = USE_OPTION_SETTING_DATA_FLASH?(__OPTION_SETTING_DATA_FLASH_S_Start + 0x14):__OPTION_SETTING_DATA_FLASH_S_Start
 *(.option_setting_data_flash_samr)
 .option_setting_data_flash_samr
                0x27030094        0x4 ./ra/fsp/src/bsp/mcu/all/bsp_rom_registers.o
                0x27030360                        . = USE_OPTION_SETTING_DATA_FLASH?(__OPTION_SETTING_DATA_FLASH_S_Start + 0x2e0):__OPTION_SETTING_DATA_FLASH_S_Start
 *fill*         0x27030098      0x2c8 ff
 *(.option_setting_data_flash_hoemrtpk)
                0x27030360                        __OPTION_SETTING_DATA_FLASH_S_End = .
                0x27030360                        __tz_OPTION_SETTING_DATA_FLASH_S_N = __OPTION_SETTING_DATA_FLASH_S_End
OUTPUT(mtk3_example.elf elf32-littlearm)
LOAD linker stubs

.rel.dyn        0x27030360        0x0
 .rel.iplt      0x27030360        0x0 C:/Program Files (x86)/Arm GNU Toolchain arm-none-eabi/13.2 Rel1/bin/../lib/gcc/arm-none-eabi/13.2.1/thumb/v8-m.main+dp/hard/crtbegin.o

.ARM.attributes
                0x00000000       0x3a
 .ARM.attributes
                0x00000000       0x24 C:/Program Files (x86)/Arm GNU Toolchain arm-none-eabi/13.2 Rel1/bin/../lib/gcc/arm-none-eabi/13.2.1/thumb/v8-m.main+dp/hard/crti.o
 .ARM.attributes
                0x00000024       0x36 C:/Program Files (x86)/Arm GNU Toolchain arm-none-eabi/13.2 Rel1/bin/../lib/gcc/arm-none-eabi/13.2.1/thumb/v8-m.main+dp/hard/crtbegin.o
 .ARM.attributes
                0x0000005a       0x3e ./src/hal_entry.o
 .ARM.attributes
                0x00000098       0x3e ./ra_gen/common_data.o
 .ARM.attributes
                0x000000d6       0x3e ./ra_gen/main.o
 .ARM.attributes
                0x00000114       0x3e ./ra_gen/pin_data.o
 .ARM.attributes
                0x00000152       0x3e ./ra/fsp/src/r_ioport/r_ioport.o
 .ARM.attributes
                0x00000190       0x3e ./ra/fsp/src/bsp/mcu/all/bsp_clocks.o
 .ARM.attributes
                0x000001ce       0x3e ./ra/fsp/src/bsp/mcu/all/bsp_common.o
 .ARM.attributes
                0x0000020c       0x3e ./ra/fsp/src/bsp/mcu/all/bsp_delay.o
 .ARM.attributes
                0x0000024a       0x3e ./ra/fsp/src/bsp/mcu/all/bsp_group_irq.o
 .ARM.attributes
                0x00000288       0x3e ./ra/fsp/src/bsp/mcu/all/bsp_io.o
 .ARM.attributes
                0x000002c6       0x3e ./ra/fsp/src/bsp/mcu/all/bsp_irq.o
 .ARM.attributes
                0x00000304       0x3e ./ra/fsp/src/bsp/mcu/all/bsp_register_protection.o
 .ARM.attributes
                0x00000342       0x3e ./ra/fsp/src/bsp/mcu/all/bsp_rom_registers.o
 .ARM.attributes
                0x00000380       0x3e ./ra/fsp/src/bsp/cmsis/Device/RENESAS/Source/startup.o
 .ARM.attributes
                0x000003be       0x3e ./ra/fsp/src/bsp/cmsis/Device/RENESAS/Source/system.o
 .ARM.attributes
                0x000003fc       0x3e ./ra/board/ra8m1_ek/board_init.o
 .ARM.attributes
                0x0000043a       0x3e ./mtk3_bsp2/sysdepend/ra_fsp/lib/libtm/ek_ra8m1/tm_com.o
 .ARM.attributes
                0x00000478       0x3e ./mtk3_bsp2/sysdepend/ra_fsp/lib/libtk/cpu/core/armv8m/int_armv8m.o
 .ARM.attributes
                0x000004b6       0x3e ./mtk3_bsp2/sysdepend/ra_fsp/cpu/core/armv8m/cpu_cntl.o
 .ARM.attributes
                0x000004f4       0x28 ./mtk3_bsp2/sysdepend/ra_fsp/cpu/core/armv8m/dispatch.o
 .ARM.attributes
                0x0000051c       0x3e ./mtk3_bsp2/sysdepend/ra_fsp/cpu/core/armv8m/exc_hdr.o
 .ARM.attributes
                0x0000055a       0x3e ./mtk3_bsp2/sysdepend/ra_fsp/cpu/core/armv8m/interrupt.o
 .ARM.attributes
                0x00000598       0x3e ./mtk3_bsp2/sysdepend/ra_fsp/cpu/core/armv8m/sys_start.o
 .ARM.attributes
                0x000005d6       0x3e ./mtk3_bsp2/sysdepend/ra_fsp/devinit.o
 .ARM.attributes
                0x00000614       0x3e ./mtk3_bsp2/sysdepend/ra_fsp/hw_setting.o
 .ARM.attributes
                0x00000652       0x3e ./mtk3_bsp2/sysdepend/ra_fsp/power_save.o
 .ARM.attributes
                0x00000690       0x3e ./mtk3_bsp2/mtkernel/lib/libtm/libtm.o
 .ARM.attributes
                0x000006ce       0x3e ./mtk3_bsp2/mtkernel/lib/libtm/libtm_printf.o
 .ARM.attributes
                0x0000070c       0x3e ./mtk3_bsp2/mtkernel/lib/libtk/fastmlock.o
 .ARM.attributes
                0x0000074a       0x3e ./mtk3_bsp2/mtkernel/kernel/tstdlib/string.o
 .ARM.attributes
                0x00000788       0x3e ./mtk3_bsp2/mtkernel/kernel/tkernel/device.o
 .ARM.attributes
                0x000007c6       0x3e ./mtk3_bsp2/mtkernel/kernel/tkernel/deviceio.o
 .ARM.attributes
                0x00000804       0x3e ./mtk3_bsp2/mtkernel/kernel/tkernel/eventflag.o
 .ARM.attributes
                0x00000842       0x3e ./mtk3_bsp2/mtkernel/kernel/tkernel/mailbox.o
 .ARM.attributes
                0x00000880       0x3e ./mtk3_bsp2/mtkernel/kernel/tkernel/memory.o
 .ARM.attributes
                0x000008be       0x3e ./mtk3_bsp2/mtkernel/kernel/tkernel/mempfix.o
 .ARM.attributes
                0x000008fc       0x3e ./mtk3_bsp2/mtkernel/kernel/tkernel/mempool.o
 .ARM.attributes
                0x0000093a       0x3e ./mtk3_bsp2/mtkernel/kernel/tkernel/messagebuf.o
 .ARM.attributes
                0x00000978       0x3e ./mtk3_bsp2/mtkernel/kernel/tkernel/mutex.o
 .ARM.attributes
                0x000009b6       0x3e ./mtk3_bsp2/mtkernel/kernel/tkernel/power.o
 .ARM.attributes
                0x000009f4       0x3e ./mtk3_bsp2/mtkernel/kernel/tkernel/semaphore.o
 .ARM.attributes
                0x00000a32       0x3e ./mtk3_bsp2/mtkernel/kernel/tkernel/task.o
 .ARM.attributes
                0x00000a70       0x3e ./mtk3_bsp2/mtkernel/kernel/tkernel/task_manage.o
 .ARM.attributes
                0x00000aae       0x3e ./mtk3_bsp2/mtkernel/kernel/tkernel/task_sync.o
 .ARM.attributes
                0x00000aec       0x3e ./mtk3_bsp2/mtkernel/kernel/tkernel/time_calls.o
 .ARM.attributes
                0x00000b2a       0x3e ./mtk3_bsp2/mtkernel/kernel/tkernel/timer.o
 .ARM.attributes
                0x00000b68       0x3e ./mtk3_bsp2/mtkernel/kernel/tkernel/tkinit.o
 .ARM.attributes
                0x00000ba6       0x3e ./mtk3_bsp2/mtkernel/kernel/tkernel/wait.o
 .ARM.attributes
                0x00000be4       0x3e ./mtk3_bsp2/mtkernel/kernel/sysinit/sysinit.o
 .ARM.attributes
                0x00000c22       0x3e ./mtk3_bsp2/mtkernel/kernel/inittask/inittask.o
 .ARM.attributes
                0x00000c60       0x3e ./Application/mtk3_example.o
 .ARM.attributes
                0x00000c9e       0x36 C:/Program Files (x86)/Arm GNU Toolchain arm-none-eabi/13.2 Rel1/bin/../lib/gcc/arm-none-eabi/13.2.1/thumb/v8-m.main+dp/hard\libg_nano.a(libc_a-memset.o)
 .ARM.attributes
                0x00000cd4       0x36 C:/Program Files (x86)/Arm GNU Toolchain arm-none-eabi/13.2 Rel1/bin/../lib/gcc/arm-none-eabi/13.2.1/thumb/v8-m.main+dp/hard\libg_nano.a(libc_a-memcpy-stub.o)
 .ARM.attributes
                0x00000d0a       0x36 C:/Program Files (x86)/Arm GNU Toolchain arm-none-eabi/13.2 Rel1/bin/../lib/gcc/arm-none-eabi/13.2.1/thumb/v8-m.main+dp/hard/crtend.o
 .ARM.attributes
                0x00000d40       0x24 C:/Program Files (x86)/Arm GNU Toolchain arm-none-eabi/13.2 Rel1/bin/../lib/gcc/arm-none-eabi/13.2.1/thumb/v8-m.main+dp/hard/crtn.o

.comment        0x00000000       0x44
 .comment       0x00000000       0x44 ./src/hal_entry.o
                                 0x45 (size before relaxing)
 .comment       0x00000044       0x45 ./ra_gen/common_data.o
 .comment       0x00000044       0x45 ./ra_gen/main.o
 .comment       0x00000044       0x45 ./ra_gen/pin_data.o
 .comment       0x00000044       0x45 ./ra/fsp/src/r_ioport/r_ioport.o
 .comment       0x00000044       0x45 ./ra/fsp/src/bsp/mcu/all/bsp_clocks.o
 .comment       0x00000044       0x45 ./ra/fsp/src/bsp/mcu/all/bsp_common.o
 .comment       0x00000044       0x45 ./ra/fsp/src/bsp/mcu/all/bsp_delay.o
 .comment       0x00000044       0x45 ./ra/fsp/src/bsp/mcu/all/bsp_group_irq.o
 .comment       0x00000044       0x45 ./ra/fsp/src/bsp/mcu/all/bsp_io.o
 .comment       0x00000044       0x45 ./ra/fsp/src/bsp/mcu/all/bsp_irq.o
 .comment       0x00000044       0x45 ./ra/fsp/src/bsp/mcu/all/bsp_register_protection.o
 .comment       0x00000044       0x45 ./ra/fsp/src/bsp/mcu/all/bsp_rom_registers.o
 .comment       0x00000044       0x45 ./ra/fsp/src/bsp/cmsis/Device/RENESAS/Source/startup.o
 .comment       0x00000044       0x45 ./ra/fsp/src/bsp/cmsis/Device/RENESAS/Source/system.o
 .comment       0x00000044       0x45 ./ra/board/ra8m1_ek/board_init.o
 .comment       0x00000044       0x45 ./mtk3_bsp2/sysdepend/ra_fsp/lib/libtm/ek_ra8m1/tm_com.o
 .comment       0x00000044       0x45 ./mtk3_bsp2/sysdepend/ra_fsp/lib/libtk/cpu/core/armv8m/int_armv8m.o
 .comment       0x00000044       0x45 ./mtk3_bsp2/sysdepend/ra_fsp/cpu/core/armv8m/cpu_cntl.o
 .comment       0x00000044       0x45 ./mtk3_bsp2/sysdepend/ra_fsp/cpu/core/armv8m/exc_hdr.o
 .comment       0x00000044       0x45 ./mtk3_bsp2/sysdepend/ra_fsp/cpu/core/armv8m/interrupt.o
 .comment       0x00000044       0x45 ./mtk3_bsp2/sysdepend/ra_fsp/cpu/core/armv8m/sys_start.o
 .comment       0x00000044       0x45 ./mtk3_bsp2/sysdepend/ra_fsp/devinit.o
 .comment       0x00000044       0x45 ./mtk3_bsp2/sysdepend/ra_fsp/hw_setting.o
 .comment       0x00000044       0x45 ./mtk3_bsp2/sysdepend/ra_fsp/power_save.o
 .comment       0x00000044       0x45 ./mtk3_bsp2/mtkernel/lib/libtm/libtm.o
 .comment       0x00000044       0x45 ./mtk3_bsp2/mtkernel/lib/libtm/libtm_printf.o
 .comment       0x00000044       0x45 ./mtk3_bsp2/mtkernel/lib/libtk/fastmlock.o
 .comment       0x00000044       0x45 ./mtk3_bsp2/mtkernel/kernel/tstdlib/string.o
 .comment       0x00000044       0x45 ./mtk3_bsp2/mtkernel/kernel/tkernel/device.o
 .comment       0x00000044       0x45 ./mtk3_bsp2/mtkernel/kernel/tkernel/deviceio.o
 .comment       0x00000044       0x45 ./mtk3_bsp2/mtkernel/kernel/tkernel/eventflag.o
 .comment       0x00000044       0x45 ./mtk3_bsp2/mtkernel/kernel/tkernel/mailbox.o